Component: ARM Compiler 5.06 update 5 (build 528) Tool: armlink [4d35e2]

==============================================================================

Section Cross References

    startup_stm32f427xx.o(STACK) refers (Special) to heapauxi.o(.text) for __use_two_region_memory
    startup_stm32f427xx.o(HEAP) refers (Special) to heapauxi.o(.text) for __use_two_region_memory
    startup_stm32f427xx.o(RESET) refers (Special) to heapauxi.o(.text) for __use_two_region_memory
    startup_stm32f427xx.o(RESET) refers to startup_stm32f427xx.o(STACK) for __initial_sp
    startup_stm32f427xx.o(RESET) refers to startup_stm32f427xx.o(.text) for Reset_Handler
    startup_stm32f427xx.o(RESET) refers to stm32f4xx_it.o(i.NMI_Handler) for NMI_Handler
    startup_stm32f427xx.o(RESET) refers to stm32f4xx_it.o(i.HardFault_Handler) for HardFault_Handler
    startup_stm32f427xx.o(RESET) refers to stm32f4xx_it.o(i.MemManage_Handler) for MemManage_Handler
    startup_stm32f427xx.o(RESET) refers to stm32f4xx_it.o(i.BusFault_Handler) for BusFault_Handler
    startup_stm32f427xx.o(RESET) refers to stm32f4xx_it.o(i.UsageFault_Handler) for UsageFault_Handler
    startup_stm32f427xx.o(RESET) refers to stm32f4xx_it.o(i.SVC_Handler) for SVC_Handler
    startup_stm32f427xx.o(RESET) refers to stm32f4xx_it.o(i.DebugMon_Handler) for DebugMon_Handler
    startup_stm32f427xx.o(RESET) refers to stm32f4xx_it.o(i.PendSV_Handler) for PendSV_Handler
    startup_stm32f427xx.o(RESET) refers to stm32f4xx_it.o(i.SysTick_Handler) for SysTick_Handler
    startup_stm32f427xx.o(RESET) refers to stm32f4xx_it.o(i.DMA1_Stream5_IRQHandler) for DMA1_Stream5_IRQHandler
    startup_stm32f427xx.o(RESET) refers to stm32f4xx_it.o(i.DMA1_Stream6_IRQHandler) for DMA1_Stream6_IRQHandler
    startup_stm32f427xx.o(RESET) refers to stm32f4xx_it.o(i.CAN1_RX0_IRQHandler) for CAN1_RX0_IRQHandler
    startup_stm32f427xx.o(RESET) refers to stm32f4xx_it.o(i.CAN1_RX1_IRQHandler) for CAN1_RX1_IRQHandler
    startup_stm32f427xx.o(RESET) refers to stm32f4xx_it.o(i.USART2_IRQHandler) for USART2_IRQHandler
    startup_stm32f427xx.o(RESET) refers to stm32f4xx_it.o(i.DMA2_Stream1_IRQHandler) for DMA2_Stream1_IRQHandler
    startup_stm32f427xx.o(RESET) refers to stm32f4xx_it.o(i.CAN2_RX0_IRQHandler) for CAN2_RX0_IRQHandler
    startup_stm32f427xx.o(RESET) refers to stm32f4xx_it.o(i.CAN2_RX1_IRQHandler) for CAN2_RX1_IRQHandler
    startup_stm32f427xx.o(RESET) refers to stm32f4xx_it.o(i.DMA2_Stream6_IRQHandler) for DMA2_Stream6_IRQHandler
    startup_stm32f427xx.o(RESET) refers to stm32f4xx_it.o(i.USART6_IRQHandler) for USART6_IRQHandler
    startup_stm32f427xx.o(.text) refers (Special) to heapauxi.o(.text) for __use_two_region_memory
    startup_stm32f427xx.o(.text) refers to system_stm32f4xx.o(i.SystemInit) for SystemInit
    startup_stm32f427xx.o(.text) refers to __main.o(!!!main) for __main
    startup_stm32f427xx.o(.text) refers to startup_stm32f427xx.o(HEAP) for Heap_Mem
    startup_stm32f427xx.o(.text) refers to startup_stm32f427xx.o(STACK) for Stack_Mem
    main.o(i._Z18SystemClock_Configv) refers to rt_memclr_w.o(.text) for __aeabi_memclr4
    main.o(i._Z18SystemClock_Configv) refers to stm32f4xx_hal_rcc.o(i.HAL_RCC_OscConfig) for HAL_RCC_OscConfig
    main.o(i._Z18SystemClock_Configv) refers to main.o(i.Error_Handler) for Error_Handler
    main.o(i._Z18SystemClock_Configv) refers to stm32f4xx_hal_pwr_ex.o(i.HAL_PWREx_EnableOverDrive) for HAL_PWREx_EnableOverDrive
    main.o(i._Z18SystemClock_Configv) refers to stm32f4xx_hal_rcc.o(i.HAL_RCC_ClockConfig) for HAL_RCC_ClockConfig
    main.o(i.__sti___6_main_c_motor1) refers to main.o(i._ZN16Class_Motor_C620C1Ev) for Class_Motor_C620::Class_Motor_C620()
    main.o(i.__sti___6_main_c_motor1) refers to main.o(.bss) for motor1
    main.o(i.main) refers to stm32f4xx_hal.o(i.HAL_Init) for HAL_Init
    main.o(i.main) refers to oled.o(i._Z9OLED_Initv) for OLED_Init()
    main.o(i.main) refers to mpu6050.o(i._Z12MPU6050_Initv) for MPU6050_Init()
    main.o(i.main) refers to timer.o(i._Z10Timer_Initv) for Timer_Init()
    main.o(i.main) refers to oled.o(i._Z15OLED_ShowStringhhPc) for OLED_ShowString(unsigned char, unsigned char, char*)
    main.o(i.main) refers to main.o(i._Z18SystemClock_Configv) for SystemClock_Config()
    main.o(i.main) refers to gpio.o(i.MX_GPIO_Init) for MX_GPIO_Init
    main.o(i.main) refers to dma.o(i.MX_DMA_Init) for MX_DMA_Init
    main.o(i.main) refers to can.o(i.MX_CAN1_Init) for MX_CAN1_Init
    main.o(i.main) refers to usart.o(i.MX_USART2_UART_Init) for MX_USART2_UART_Init
    main.o(i.main) refers to tim.o(i.MX_TIM4_Init) for MX_TIM4_Init
    main.o(i.main) refers to can.o(i.MX_CAN2_Init) for MX_CAN2_Init
    main.o(i.main) refers to usart.o(i.MX_USART6_UART_Init) for MX_USART6_UART_Init
    main.o(i.main) refers to tim.o(i.MX_TIM2_Init) for MX_TIM2_Init
    main.o(i.main) refers to stm32f4xx_hal_tim.o(i.HAL_TIM_PWM_Start) for HAL_TIM_PWM_Start
[...]
    i._ZN41_INTERNAL_19_stm32f4xx_hal_dma_c_c25f65ec18DMA_CheckFifoParamEP19__DMA_HandleTypeDef 0x0800471c   Section        0  stm32f4xx_hal_dma.o(i._ZN41_INTERNAL_19_stm32f4xx_hal_dma_c_c25f65ec18DMA_CheckFifoParamEP19__DMA_HandleTypeDef)
    [local to stm32f4xx_hal_dma_c]::DMA_CheckFifoParam(__DMA_HandleTypeDef*) 0x0800471d   Thumb Code   170  stm32f4xx_hal_dma.o(i._ZN41_INTERNAL_19_stm32f4xx_hal_dma_c_c25f65ec18DMA_CheckFifoParamEP19__DMA_HandleTypeDef)
    i._ZN41_INTERNAL_19_stm32f4xx_hal_dma_c_c25f65ec23DMA_CalcBaseAndBitshiftEP19__DMA_HandleTypeDef 0x080047c8   Section        0  stm32f4xx_hal_dma.o(i._ZN41_INTERNAL_19_stm32f4xx_hal_dma_c_c25f65ec23DMA_CalcBaseAndBitshiftEP19__DMA_HandleTypeDef)
    [local to stm32f4xx_hal_dma_c]::DMA_CalcBaseAndBitshift(__DMA_HandleTypeDef*) 0x080047c9   Thumb Code    46  stm32f4xx_hal_dma.o(i._ZN41_INTERNAL_19_stm32f4xx_hal_dma_c_c25f65ec23DMA_CalcBaseAndBitshiftEP19__DMA_HandleTypeDef)
    i._ZN41_INTERNAL_19_stm32f4xx_hal_tim_c_a9d95b5217TIM_OC1_SetConfigEP11TIM_TypeDefPK18TIM_OC_InitTypeDef 0x080047fc   Section        0  stm32f4xx_hal_tim.o(i._ZN41_INTERNAL_19_stm32f4xx_hal_tim_c_a9d95b5217TIM_OC1_SetConfigEP11TIM_TypeDefPK18TIM_OC_InitTypeDef)
    [local to stm32f4xx_hal_tim_c]::TIM_OC1_SetConfig(TIM_TypeDef*, const TIM_OC_InitTypeDef*) 0x080047fd   Thumb Code   104  stm32f4xx_hal_tim.o(i._ZN41_INTERNAL_19_stm32f4xx_hal_tim_c_a9d95b5217TIM_OC1_SetConfigEP11TIM_TypeDefPK18TIM_OC_InitTypeDef)
    i._ZN41_INTERNAL_19_stm32f4xx_hal_tim_c_a9d95b5217TIM_OC3_SetConfigEP11TIM_TypeDefPK18TIM_OC_InitTypeDef 0x0800486c   Section        0  stm32f4xx_hal_tim.o(i._ZN41_INTERNAL_19_stm32f4xx_hal_tim_c_a9d95b5217TIM_OC3_SetConfigEP11TIM_TypeDefPK18TIM_OC_InitTypeDef)
    [local to stm32f4xx_hal_tim_c]::TIM_OC3_SetConfig(TIM_TypeDef*, const TIM_OC_InitTypeDef*) 0x0800486d   Thumb Code   112  stm32f4xx_hal_tim.o(i._ZN41_INTERNAL_19_stm32f4xx_hal_tim_c_a9d95b5217TIM_OC3_SetConfigEP11TIM_TypeDefPK18TIM_OC_InitTypeDef)
    i._ZN41_INTERNAL_19_stm32f4xx_hal_tim_c_a9d95b5217TIM_OC4_SetConfigEP11TIM_TypeDefPK18TIM_OC_InitTypeDef 0x080048e4   Section        0  stm32f4xx_hal_tim.o(i._ZN41_INTERNAL_19_stm32f4xx_hal_tim_c_a9d95b5217TIM_OC4_SetConfigEP11TIM_TypeDefPK18TIM_OC_InitTypeDef)
    [local to stm32f4xx_hal_tim_c]::TIM_OC4_SetConfig(TIM_TypeDef*, const TIM_OC_InitTypeDef*) 0x080048e5   Thumb Code    74  stm32f4xx_hal_tim.o(i._ZN41_INTERNAL_19_stm32f4xx_hal_tim_c_a9d95b5217TIM_OC4_SetConfigEP11TIM_TypeDefPK18TIM_OC_InitTypeDef)
    i._ZN41_INTERNAL_19_stm32f4xx_hal_tim_c_a9d95b5218TIM_ITRx_SetConfigEP11TIM_TypeDefj 0x08004938   Section        0  stm32f4xx_hal_tim.o(i._ZN41_INTERNAL_19_stm32f4xx_hal_tim_c_a9d95b5218TIM_ITRx_SetConfigEP11TIM_TypeDefj)
    [local to stm32f4xx_hal_tim_c]::TIM_ITRx_SetConfig(TIM_TypeDef*, unsigned) 0x08004939   Thumb Code    18  stm32f4xx_hal_tim.o(i._ZN41_INTERNAL_19_stm32f4xx_hal_tim_c_a9d95b5218TIM_ITRx_SetConfigEP11TIM_TypeDefj)
    i._ZN41_INTERNAL_19_stm32f4xx_hal_tim_c_a9d95b5224TIM_TI1_ConfigInputStageEP11TIM_TypeDefjj 0x0800494a   Section        0  stm32f4xx_hal_tim.o(i._ZN41_INTERNAL_19_stm32f4xx_hal_tim_c_a9d95b5224TIM_TI1_ConfigInputStageEP11TIM_TypeDefjj)
    [local to stm32f4xx_hal_tim_c]::TIM_TI1_ConfigInputStage(TIM_TypeDef*, unsigned, unsigned) 0x0800494b   Thumb Code    38  stm32f4xx_hal_tim.o(i._ZN41_INTERNAL_19_stm32f4xx_hal_tim_c_a9d95b5224TIM_TI1_ConfigInputStageEP11TIM_TypeDefjj)
    i._ZN41_INTERNAL_19_stm32f4xx_hal_tim_c_a9d95b5224TIM_TI2_ConfigInputStageEP11TIM_TypeDefjj 0x08004970   Section        0  stm32f4xx_hal_tim.o(i._ZN41_INTERNAL_19_stm32f4xx_hal_tim_c_a9d95b5224TIM_TI2_ConfigInputStageEP11TIM_TypeDefjj)
    [local to stm32f4xx_hal_tim_c]::TIM_TI2_ConfigInputStage(TIM_TypeDef*, unsigned, unsigned) 0x08004971   Thumb Code    40  stm32f4xx_hal_tim.o(i._ZN41_INTERNAL_19_stm32f4xx_hal_tim_c_a9d95b5224TIM_TI2_ConfigInputStageEP11TIM_TypeDefjj)
    i._ZN42_INTERNAL_20_stm32f4xx_hal_uart_c_d497114f13UART_DMAErrorEP19__DMA_HandleTypeDef 0x08004998   Section        0  stm32f4xx_hal_uart.o(i._ZN42_INTERNAL_20_stm32f4xx_hal_uart_c_d497114f13UART_DMAErrorEP19__DMA_HandleTypeDef)
    [local to stm32f4xx_hal_uart_c]::UART_DMAError(__DMA_HandleTypeDef*) 0x08004999   Thumb Code    80  stm32f4xx_hal_uart.o(i._ZN42_INTERNAL_20_stm32f4xx_hal_uart_c_d497114f13UART_DMAErrorEP19__DMA_HandleTypeDef)
    i._ZN42_INTERNAL_20_stm32f4xx_hal_uart_c_d497114f14UART_SetConfigEP20__UART_HandleTypeDef 0x080049e8   Section        0  stm32f4xx_hal_uart.o(i._ZN42_INTERNAL_20_stm32f4xx_hal_uart_c_d497114f14UART_SetConfigEP20__UART_HandleTypeDef)
    [local to stm32f4xx_hal_uart_c]::UART_SetConfig(__UART_HandleTypeDef*) 0x080049e9   Thumb Code   546  stm32f4xx_hal_uart.o(i._ZN42_INTERNAL_20_stm32f4xx_hal_uart_c_d497114f14UART_SetConfigEP20__UART_HandleTypeDef)
    i._ZN42_INTERNAL_20_stm32f4xx_hal_uart_c_d497114f15UART_Receive_ITEP20__UART_HandleTypeDef 0x08004c14   Section        0  stm32f4xx_hal_uart.o(i._ZN42_INTERNAL_20_stm32f4xx_hal_uart_c_d497114f15UART_Receive_ITEP20__UART_HandleTypeDef)
    [local to stm32f4xx_hal_uart_c]::UART_Receive_IT(__UART_HandleTypeDef*) 0x08004c15   Thumb Code   252  stm32f4xx_hal_uart.o(i._ZN42_INTERNAL_20_stm32f4xx_hal_uart_c_d497114f15UART_Receive_ITEP20__UART_HandleTypeDef)
    i._ZN42_INTERNAL_20_stm32f4xx_hal_uart_c_d497114f16UART_Transmit_ITEP20__UART_HandleTypeDef 0x08004d10   Section        0  stm32f4xx_hal_uart.o(i._ZN42_INTERNAL_20_stm32f4xx_hal_uart_c_d497114f16UART_Transmit_ITEP20__UART_HandleTypeDef)
    [local to stm32f4xx_hal_uart_c]::UART_Transmit_IT(__UART_HandleTypeDef*) 0x08004d11   Thumb Code    96  stm32f4xx_hal_uart.o(i._ZN42_INTERNAL_20_stm32f4xx_hal_uart_c_d497114f16UART_Transmit_ITEP20__UART_HandleTypeDef)
    i._ZN42_INTERNAL_20_stm32f4xx_hal_uart_c_d497114f18UART_DMARxHalfCpltEP19__DMA_HandleTypeDef 0x08004d70   Section        0  stm32f4xx_hal_uart.o(i._ZN42_INTERNAL_20_stm32f4xx_hal_uart_c_d497114f18UART_DMARxHalfCpltEP19__DMA_HandleTypeDef)
    [local to stm32f4xx_hal_uart_c]::UART_DMARxHalfCplt(__DMA_HandleTypeDef*) 0x08004d71   Thumb Code    36  stm32f4xx_hal_uart.o(i._ZN42_INTERNAL_20_stm32f4xx_hal_uart_c_d497114f18UART_DMARxHalfCpltEP19__DMA_HandleTypeDef)
    i._ZN42_INTERNAL_20_stm32f4xx_hal_uart_c_d497114f18UART_EndRxTransferEP20__UART_HandleTypeDef 0x08004d94   Section        0  stm32f4xx_hal_uart.o(i._ZN42_INTERNAL_20_stm32f4xx_hal_uart_c_d497114f18UART_EndRxTransferEP20__UART_HandleTypeDef)
    [local to stm32f4xx_hal_uart_c]::UART_EndRxTransfer(__UART_HandleTypeDef*) 0x08004d95   Thumb Code   108  stm32f4xx_hal_uart.o(i._ZN42_INTERNAL_20_stm32f4xx_hal_uart_c_d497114f18UART_EndRxTransferEP20__UART_HandleTypeDef)
    i._ZN42_INTERNAL_20_stm32f4xx_hal_uart_c_d497114f18UART_EndTxTransferEP20__UART_HandleTypeDef 0x08004e00   Section        0  stm32f4xx_hal_uart.o(i._ZN42_INTERNAL_20_stm32f4xx_hal_uart_c_d497114f18UART_EndTxTransferEP20__UART_HandleTypeDef)
    [local to stm32f4xx_hal_uart_c]::UART_EndTxTransfer(__UART_HandleTypeDef*) 0x08004e01   Thumb Code    38  stm32f4xx_hal_uart.o(i._ZN42_INTERNAL_20_stm32f4xx_hal_uart_c_d497114f18UART_EndTxTransferEP20__UART_HandleTypeDef)
    i._ZN42_INTERNAL_20_stm32f4xx_hal_uart_c_d497114f19UART_DMAReceiveCpltEP19__DMA_HandleTypeDef 0x08004e26   Section        0  stm32f4xx_hal_uart.o(i._ZN42_INTERNAL_20_stm32f4xx_hal_uart_c_d497114f19UART_DMAReceiveCpltEP19__DMA_HandleTypeDef)
    [local to stm32f4xx_hal_uart_c]::UART_DMAReceiveCplt(__DMA_HandleTypeDef*) 0x08004e27   Thumb Code   180  stm32f4xx_hal_uart.o(i._ZN42_INTERNAL_20_stm32f4xx_hal_uart_c_d497114f19UART_DMAReceiveCpltEP19__DMA_HandleTypeDef)
    i._ZN42_INTERNAL_20_stm32f4xx_hal_uart_c_d497114f19UART_EndTransmit_ITEP20__UART_HandleTypeDef 0x08004eda   Section        0  stm32f4xx_hal_uart.o(i._ZN42_INTERNAL_20_stm32f4xx_hal_uart_c_d497114f19UART_EndTransmit_ITEP20__UART_HandleTypeDef)
    [local to stm32f4xx_hal_uart_c]::UART_EndTransmit_IT(__UART_HandleTypeDef*) 0x08004edb   Thumb Code    32  stm32f4xx_hal_uart.o(i._ZN42_INTERNAL_20_stm32f4xx_hal_uart_c_d497114f19UART_EndTransmit_ITEP20__UART_HandleTypeDef)
    i._ZN42_INTERNAL_20_stm32f4xx_hal_uart_c_d497114f20UART_DMAAbortOnErrorEP19__DMA_HandleTypeDef 0x08004efa   Section        0  stm32f4xx_hal_uart.o(i._ZN42_INTERNAL_20_stm32f4xx_hal_uart_c_d497114f20UART_DMAAbortOnErrorEP19__DMA_HandleTypeDef)
    [local to stm32f4xx_hal_uart_c]::UART_DMAAbortOnError(__DMA_HandleTypeDef*) 0x08004efb   Thumb Code    20  stm32f4xx_hal_uart.o(i._ZN42_INTERNAL_20_stm32f4xx_hal_uart_c_d497114f20UART_DMAAbortOnErrorEP19__DMA_HandleTypeDef)
    i._ZN44_INTERNAL_22_stm32f4xx_hal_cortex_c_2992dbc018__NVIC_SetPriorityE9IRQn_Typej 0x08004f10   Section        0  stm32f4xx_hal_cortex.o(i._ZN44_INTERNAL_22_stm32f4xx_hal_cortex_c_2992dbc018__NVIC_SetPriorityE9IRQn_Typej)
    [local to stm32f4xx_hal_cortex_c]::__NVIC_SetPriority(IRQn_Type, unsigned) 0x08004f11   Thumb Code    32  stm32f4xx_hal_cortex.o(i._ZN44_INTERNAL_22_stm32f4xx_hal_cortex_c_2992dbc018__NVIC_SetPriorityE9IRQn_Typej)
    i._ZN44_INTERNAL_22_stm32f4xx_hal_cortex_c_2992dbc026__NVIC_GetPriorityGroupingEv 0x08004f38   Section        0  stm32f4xx_hal_cortex.o(i._ZN44_INTERNAL_22_stm32f4xx_hal_cortex_c_2992dbc026__NVIC_GetPriorityGroupingEv)
    [local to stm32f4xx_hal_cortex_c]::__NVIC_GetPriorityGrouping() 0x08004f39   Thumb Code    10  stm32f4xx_hal_cortex.o(i._ZN44_INTERNAL_22_stm32f4xx_hal_cortex_c_2992dbc026__NVIC_GetPriorityGroupingEv)
    i._ZN9Class_PID4InitEfffffffffff16Enum_PID_D_First 0x08004f48   Section        0  alg_pid.o(i._ZN9Class_PID4InitEfffffffffff16Enum_PID_D_First)
    i._ZN9Class_PIDC1Ev                      0x08004f78   Section        0  main.o(i._ZN9Class_PIDC1Ev)
    i.__sti___6_main_c_motor1                0x08005008   Section        0  main.o(i.__sti___6_main_c_motor1)
    __sti___6_main_c_motor1                  0x08005009   Thumb Code    58  main.o(i.__sti___6_main_c_motor1)
    i.main                                   0x08005068   Section        0  main.o(i.main)
    x$fpl$fpinit                             0x080055d4   Section       10  fpinit.o(x$fpl$fpinit)
    $v0                                      0x080055d4   Number         0  fpinit.o(x$fpl$fpinit)
    .constdata                               0x080055de   Section        8  stm32f4xx_hal_dma.o(.constdata)
    [local to stm32f4xx_hal_dma_c]::DMA_CalcBaseAndBitshift(__DMA_HandleTypeDef*)::flagBitshiftOffset 0x080055de   Data           8  stm32f4xx_hal_dma.o(.constdata)
    .constdata                               0x080055e6   Section       24  system_stm32f4xx.o(.constdata)
    .constdata                               0x080055fe   Section     1520  oled.o(.constdata)
    OLED_F8x16                               0x080055fe   Data        1520  oled.o(.constdata)
    .init_array                              0x08005c10   Section        4  main.o(.init_array)
    .init_array                              0x08005c14   Section        0  init_aeabi.o(.init_array)
    .data                                    0x20000000   Section        4  can.o(.data)
    HAL_RCC_CAN1_CLK_ENABLED                 0x20000000   Data           4  can.o(.data)
    .data                                    0x20000004   Section        9  stm32f4xx_hal.o(.data)
    .data                                    0x20000010   Section        4  system_stm32f4xx.o(.data)
    .data                                    0x20000014   Section       60  drv_can.o(.data)
    TIM_CAN_PeriodElapsedCallback()::mod10   0x2000004c   Data           4  drv_can.o(.data)
    .data                                    0x20000050   Section       10  drv_communication.o(.data)
    .bss                                     0x2000005c   Section     2232  main.o(.bss)
    .bss                                     0x20000914   Section       80  can.o(.bss)
    .bss                                     0x20000964   Section      144  tim.o(.bss)
    .bss                                     0x200009f4   Section      528  usart.o(.bss)
    .bss                                     0x20000c04   Section       88  drv_can.o(.bss)
    .bss                                     0x20000c5c   Section     2176  drv_uart.o(.bss)
    .bss                                     0x200014dc   Section       10  drv_communication.o(.bss)
    .bss                                     0x200014e8   Section       36  imu.o(.bss)
    .bss                                     0x2000150c   Section       96  libspace.o(.bss)
    HEAP                                     0x20001570   Section      512  startup_stm32f427xx.o(HEAP)
    Heap_Mem                                 0x20001570   Data         512  startup_stm32f427xx.o(HEAP)
    STACK                                    0x20001770   Section     1024  startup_stm32f427xx.o(STACK)
    Stack_Mem                                0x20001770   Data        1024  startup_stm32f427xx.o(STACK)
    __initial_sp                             0x20001b70   Data           0  startup_stm32f427xx.o(STACK)

    Global Symbols

    Symbol Name                              Value     Ov Type        Size  Object(Section)

    BuildAttributes$$THM_ISAv4$E$P$D$K$B$S$7EM$VFPi3$EXTD16$VFPS$VFMA$PE$A:L22UL41UL21$X:L11$S22US41US21$IEEE1$IW$USESV6$~STKCKD$USESV7$~SHL$OTIME$ROPI$IEEEX$EBA8$UX$STANDARDLIB$REQ8$PRES8$EABIv2 0x00000000   Number         0  anon$$obj.o ABSOLUTE
    __ARM_use_no_argv                        0x00000000   Number         0  main.o ABSOLUTE
    __ARM_exceptions_init                     - Undefined Weak Reference
    __alloca_initialize                       - Undefined Weak Reference
    __arm_preinit_                            - Undefined Weak Reference
    __cxa_finalize                            - Undefined Weak Reference
    __rt_locale                               - Undefined Weak Reference
    __sigvec_lookup                           - Undefined Weak Reference
    _atexit_init                              - Undefined Weak Reference
    _call_atexit_fns                          - Undefined Weak Reference
    _clock_init                               - Undefined Weak Reference
    _fp_trap_init                             - Undefined Weak Reference
    _fp_trap_shutdown                         - Undefined Weak Reference
    _get_lc_collate                           - Undefined Weak Reference
    _get_lc_ctype                             - Undefined Weak Reference
    _get_lc_monetary                          - Undefined Weak Reference
    _get_lc_numeric                           - Undefined Weak Reference
    _get_lc_time                              - Undefined Weak Reference
    _getenv_init                              - Undefined Weak Reference
    _handle_redirection                       - Undefined Weak Reference
    _init_alloc                               - Undefined Weak Reference
    _init_user_alloc                          - Undefined Weak Reference
    _initio                                   - Undefined Weak Reference
    _rand_init                                - Undefined Weak Reference
    _signal_finish                            - Undefined Weak Reference
    _signal_init                              - Undefined Weak Reference
    _terminate_alloc                          - Undefined Weak Reference
    _terminate_user_alloc                     - Undefined Weak Reference
    _terminateio                              - Undefined Weak Reference
    __Vectors_Size                           0x000001ac   Number         0  startup_stm32f427xx.o ABSOLUTE
    __Vectors                                0x08000000   Data           4  startup_stm32f427xx.o(RESET)
    __Vectors_End                            0x080001ac   Data           0  startup_stm32f427xx.o(RESET)
    __main                                   0x080001ad   Thumb Code     8  __main.o(!!!main)
    __scatterload                            0x080001b5   Thumb Code     0  __scatter.o(!!!scatter)
    __scatterload_rt2                        0x080001b5   Thumb Code    44  __scatter.o(!!!scatter)
    __scatterload_rt2_thumb_only             0x080001b5   Thumb Code     0  __scatter.o(!!!scatter)
    __scatterload_null                       0x080001c3   Thumb Code     0  __scatter.o(!!!scatter)
    __scatterload_copy                       0x080001e9   Thumb Code    26  __scatter_copy.o(!!handler_copy)
    __scatterload_zeroinit                   0x08000205   Thumb Code    28  __scatter_zi.o(!!handler_zi)
    __rt_lib_init                            0x08000221   Thumb Code     0  libinit.o(.ARM.Collect$$libinit$$00000000)
    __rt_lib_init_fp_1                       0x08000223   Thumb Code     0  libinit2.o(.ARM.Collect$$libinit$$00000001)
    __rt_lib_init_alloca_1                   0x08000227   Thumb Code     0  libinit2.o(.ARM.Collect$$libinit$$0000002E)
    __rt_lib_init_argv_1                     0x08000227   Thumb Code     0  libinit2.o(.ARM.Collect$$libinit$$0000002C)
    __rt_lib_init_atexit_1                   0x08000227   Thumb Code     0  libinit2.o(.ARM.Collect$$libinit$$0000001B)
    __rt_lib_init_clock_1                    0x08000227   Thumb Code     0  libinit2.o(.ARM.Collect$$libinit$$00000021)
    __rt_lib_init_cpp_2                      0x08000227   Thumb Code     0  libinit2.o(.ARM.Collect$$libinit$$00000031)
    __rt_lib_init_exceptions_1               0x08000227   Thumb Code     0  libinit2.o(.ARM.Collect$$libinit$$00000030)
    __rt_lib_init_fp_trap_1                  0x08000227   Thumb Code     0  libinit2.o(.ARM.Collect$$libinit$$0000001F)
    __rt_lib_init_getenv_1                   0x08000227   Thumb Code     0  libinit2.o(.ARM.Collect$$libinit$$00000023)
    __rt_lib_init_heap_1                     0x08000227   Thumb Code     0  libinit2.o(.ARM.Collect$$libinit$$0000000A)
    __rt_lib_init_lc_collate_1               0x08000227   Thumb Code     0  libinit2.o(.ARM.Collect$$libinit$$00000011)
    __rt_lib_init_lc_ctype_1                 0x08000227   Thumb Code     0  libinit2.o(.ARM.Collect$$libinit$$00000013)
    __rt_lib_init_lc_monetary_1              0x08000227   Thumb Code     0  libinit2.o(.ARM.Collect$$libinit$$00000015)
    __rt_lib_init_lc_numeric_1               0x08000227   Thumb Code     0  libinit2.o(.ARM.Collect$$libinit$$00000017)
    __rt_lib_init_lc_time_1                  0x08000227   Thumb Code     0  libinit2.o(.ARM.Collect$$libinit$$00000019)
    __rt_lib_init_preinit_1                  0x08000227   Thumb Code     0  libinit2.o(.ARM.Collect$$libinit$$00000004)
    __rt_lib_init_rand_1                     0x08000227   Thumb Code     0  libinit2.o(.ARM.Collect$$libinit$$0000000E)
    __rt_lib_init_signal_1                   0x08000227   Thumb Code     0  libinit2.o(.ARM.Collect$$libinit$$0000001D)
    __rt_lib_init_stdio_1                    0x08000227   Thumb Code     0  libinit2.o(.ARM.Collect$$libinit$$00000025)
    __rt_lib_init_user_alloc_1               0x08000227   Thumb Code     0  libinit2.o(.ARM.Collect$$libinit$$0000000C)
    __rt_lib_init_cpp_1                      0x0800022b   Thumb Code     0  libinit2.o(.ARM.Collect$$libinit$$00000032)
    __rt_lib_init_return                     0x0800022b   Thumb Code     0  libinit2.o(.ARM.Collect$$libinit$$00000033)
    __rt_lib_shutdown                        0x0800022d   Thumb Code     0  libshutdown.o(.ARM.Collect$$libshutdown$$00000000)
    __rt_lib_shutdown_cpp_1                  0x0800022f   Thumb Code     0  libshutdown2.o(.ARM.Collect$$libshutdown$$00000002)
    __rt_lib_shutdown_fp_trap_1              0x0800022f   Thumb Code     0  libshutdown2.o(.ARM.Collect$$libshutdown$$00000007)
    __rt_lib_shutdown_heap_1                 0x0800022f   Thumb Code     0  libshutdown2.o(.ARM.Collect$$libshutdown$$0000000F)
    __rt_lib_shutdown_return                 0x0800022f   Thumb Code     0  libshutdown2.o(.ARM.Collect$$libshutdown$$00000010)
    __rt_lib_shutdown_signal_1               0x0800022f   Thumb Code     0  libshutdown2.o(.ARM.Collect$$libshutdown$$0000000A)
    __rt_lib_shutdown_stdio_1                0x0800022f   Thumb Code     0  libshutdown2.o(.ARM.Collect$$libshutdown$$00000004)
    __rt_lib_shutdown_user_alloc_1           0x0800022f   Thumb Code     0  libshutdown2.o(.ARM.Collect$$libshutdown$$0000000C)
    __rt_entry                               0x08000231   Thumb Code     0  __rtentry.o(.ARM.Collect$$rtentry$$00000000)
    __rt_entry_presh_1                       0x08000231   Thumb Code     0  __rtentry2.o(.ARM.Collect$$rtentry$$00000002)
    __rt_entry_sh                            0x08000231   Thumb Code     0  __rtentry4.o(.ARM.Collect$$rtentry$$00000004)
    __rt_entry_li                            0x08000237   Thumb Code     0  __rtentry2.o(.ARM.Collect$$rtentry$$0000000A)
    __rt_entry_postsh_1                      0x08000237   Thumb Code     0  __rtentry2.o(.ARM.Collect$$rtentry$$00000009)
    __rt_entry_main                          0x0800023b   Thumb Code     0  __rtentry2.o(.ARM.Collect$$rtentry$$0000000D)
    __rt_entry_postli_1                      0x0800023b   Thumb Code     0  __rtentry2.o(.ARM.Collect$$rtentry$$0000000C)
    __rt_exit                                0x08000243   Thumb Code     0  rtexit.o(.ARM.Collect$$rtexit$$00000000)
    __rt_exit_ls                             0x08000245   Thumb Code     0  rtexit2.o(.ARM.Collect$$rtexit$$00000003)
    __rt_exit_prels_1                        0x08000245   Thumb Code     0  rtexit2.o(.ARM.Collect$$rtexit$$00000002)
    __rt_exit_exit                           0x08000249   Thumb Code     0  rtexit2.o(.ARM.Collect$$rtexit$$00000004)
    Reset_Handler                            0x08000251   Thumb Code     8  startup_stm32f427xx.o(.text)
    ADC_IRQHandler                           0x0800026b   Thumb Code     0  startup_stm32f427xx.o(.text)
    CAN1_SCE_IRQHandler                      0x0800026b   Thumb Code     0  startup_stm32f427xx.o(.text)
    CAN1_TX_IRQHandler                       0x0800026b   Thumb Code     0  startup_stm32f427xx.o(.text)
    CAN2_SCE_IRQHandler                      0x0800026b   Thumb Code     0  startup_stm32f427xx.o(.text)
    CAN2_TX_IRQHandler                       0x0800026b   Thumb Code     0  startup_stm32f427xx.o(.text)
    DCMI_IRQHandler                          0x0800026b   Thumb Code     0  startup_stm32f427xx.o(.text)
    DMA1_Stream0_IRQHandler                  0x0800026b   Thumb Code     0  startup_stm32f427xx.o(.text)
    DMA1_Stream1_IRQHandler                  0x0800026b   Thumb Code     0  startup_stm32f427xx.o(.text)
    DMA1_Stream2_IRQHandler                  0x0800026b   Thumb Code     0  startup_stm32f427xx.o(.text)
    DMA1_Stream3_IRQHandler                  0x0800026b   Thumb Code     0  startup_stm32f427xx.o(.text)
    DMA1_Stream4_IRQHandler                  0x0800026b   Thumb Code     0  startup_stm32f427xx.o(.text)
    DMA1_Stream7_IRQHandler                  0x0800026b   Thumb Code     0  startup_stm32f427xx.o(.text)
    DMA2D_IRQHandler                         0x0800026b   Thumb Code     0  startup_stm32f427xx.o(.text)
    DMA2_Stream0_IRQHandler                  0x0800026b   Thumb Code     0  startup_stm32f427xx.o(.text)
    DMA2_Stream2_IRQHandler                  0x0800026b   Thumb Code     0  startup_stm32f427xx.o(.text)
    DMA2_Stream3_IRQHandler                  0x0800026b   Thumb Code     0  startup_stm32f427xx.o(.text)
    DMA2_Stream4_IRQHandler                  0x0800026b   Thumb Code     0  startup_stm32f427xx.o(.text)
    DMA2_Stream5_IRQHandler                  0x0800026b   Thumb Code     0  startup_stm32f427xx.o(.text)
    DMA2_Stream7_IRQHandler                  0x0800026b   Thumb Code     0  startup_stm32f427xx.o(.text)
    ETH_IRQHandler                           0x0800026b   Thumb Code     0  startup_stm32f427xx.o(.text)
    ETH_WKUP_IRQHandler                      0x0800026b   Thumb Code     0  startup_stm32f427xx.o(.text)
    EXTI0_IRQHandler                         0x0800026b   Thumb Code     0  startup_stm32f427xx.o(.text)
    EXTI15_10_IRQHandler                     0x0800026b   Thumb Code     0  startup_stm32f427xx.o(.text)
    EXTI1_IRQHandler                         0x0800026b   Thumb Code     0  startup_stm32f427xx.o(.text)
    EXTI2_IRQHandler                         0x0800026b   Thumb Code     0  startup_stm32f427xx.o(.text)
    EXTI3_IRQHandler                         0x0800026b   Thumb Code     0  startup_stm32f427xx.o(.text)
    EXTI4_IRQHandler                         0x0800026b   Thumb Code     0  startup_stm32f427xx.o(.text)
    EXTI9_5_IRQHandler                       0x0800026b   Thumb Code     0  startup_stm32f427xx.o(.text)
    FLASH_IRQHandler                         0x0800026b   Thumb Code     0  startup_stm32f427xx.o(.text)
    FMC_IRQHandler                           0x0800026b   Thumb Code     0  startup_stm32f427xx.o(.text)
    FPU_IRQHandler                           0x0800026b   Thumb Code     0  startup_stm32f427xx.o(.text)
    HASH_RNG_IRQHandler                      0x0800026b   Thumb Code     0  startup_stm32f427xx.o(.text)
    I2C1_ER_IRQHandler                       0x0800026b   Thumb Code     0  startup_stm32f427xx.o(.text)
    I2C1_EV_IRQHandler                       0x0800026b   Thumb Code     0  startup_stm32f427xx.o(.text)
    I2C2_ER_IRQHandler                       0x0800026b   Thumb Code     0  startup_stm32f427xx.o(.text)
    I2C2_EV_IRQHandler                       0x0800026b   Thumb Code     0  startup_stm32f427xx.o(.text)
    I2C3_ER_IRQHandler                       0x0800026b   Thumb Code     0  startup_stm32f427xx.o(.text)
    I2C3_EV_IRQHandler                       0x0800026b   Thumb Code     0  startup_stm32f427xx.o(.text)
    OTG_FS_IRQHandler                        0x0800026b   Thumb Code     0  startup_stm32f427xx.o(.text)
    OTG_FS_WKUP_IRQHandler                   0x0800026b   Thumb Code     0  startup_stm32f427xx.o(.text)
    OTG_HS_EP1_IN_IRQHandler                 0x0800026b   Thumb Code     0  startup_stm32f427xx.o(.text)
    OTG_HS_EP1_OUT_IRQHandler                0x0800026b   Thumb Code     0  startup_stm32f427xx.o(.text)
    OTG_HS_IRQHandler                        0x0800026b   Thumb Code     0  startup_stm32f427xx.o(.text)
    OTG_HS_WKUP_IRQHandler                   0x0800026b   Thumb Code     0  startup_stm32f427xx.o(.text)
    PVD_IRQHandler                           0x0800026b   Thumb Code     0  startup_stm32f427xx.o(.text)
    RCC_IRQHandler                           0x0800026b   Thumb Code     0  startup_stm32f427xx.o(.text)
    RTC_Alarm_IRQHandler                     0x0800026b   Thumb Code     0  startup_stm32f427xx.o(.text)
    RTC_WKUP_IRQHandler                      0x0800026b   Thumb Code     0  startup_stm32f427xx.o(.text)
    SAI1_IRQHandler                          0x0800026b   Thumb Code     0  startup_stm32f427xx.o(.text)
    SDIO_IRQHandler                          0x0800026b   Thumb Code     0  startup_stm32f427xx.o(.text)
    SPI1_IRQHandler                          0x0800026b   Thumb Code     0  startup_stm32f427xx.o(.text)
    SPI2_IRQHandler                          0x0800026b   Thumb Code     0  startup_stm32f427xx.o(.text)
    SPI3_IRQHandler                          0x0800026b   Thumb Code     0  startup_stm32f427xx.o(.text)
    SPI4_IRQHandler                          0x0800026b   Thumb Code     0  startup_stm32f427xx.o(.text)
    SPI5_IRQHandler                          0x0800026b   Thumb Code     0  startup_stm32f427xx.o(.text)
    SPI6_IRQHandler                          0x0800026b   Thumb Code     0  startup_stm32f427xx.o(.text)
    TAMP_STAMP_IRQHandler                    0x0800026b   Thumb Code     0  startup_stm32f427xx.o(.text)
    TIM1_BRK_TIM9_IRQHandler                 0x0800026b   Thumb Code     0  startup_stm32f427xx.o(.text)
    TIM1_CC_IRQHandler                       0x0800026b   Thumb Code     0  startup_stm32f427xx.o(.text)
    TIM1_TRG_COM_TIM11_IRQHandler            0x0800026b   Thumb Code     0  startup_stm32f427xx.o(.text)
    TIM1_UP_TIM10_IRQHandler                 0x0800026b   Thumb Code     0  startup_stm32f427xx.o(.text)
    TIM2_IRQHandler                          0x0800026b   Thumb Code     0  startup_stm32f427xx.o(.text)
    TIM3_IRQHandler                          0x0800026b   Thumb Code     0  startup_stm32f427xx.o(.text)
    TIM4_IRQHandler                          0x0800026b   Thumb Code     0  startup_stm32f427xx.o(.text)
    TIM5_IRQHandler                          0x0800026b   Thumb Code     0  startup_stm32f427xx.o(.text)
    TIM6_DAC_IRQHandler                      0x0800026b   Thumb Code     0  startup_stm32f427xx.o(.text)
    TIM7_IRQHandler                          0x0800026b   Thumb Code     0  startup_stm32f427xx.o(.text)
    TIM8_BRK_TIM12_IRQHandler                0x0800026b   Thumb Code     0  startup_stm32f427xx.o(.text)
    TIM8_CC_IRQHandler                       0x0800026b   Thumb Code     0  startup_stm32f427xx.o(.text)
    TIM8_TRG_COM_TIM14_IRQHandler            0x0800026b   Thumb Code     0  startup_stm32f427xx.o(.text)
    TIM8_UP_TIM13_IRQHandler                 0x0800026b   Thumb Code     0  startup_stm32f427xx.o(.text)
    UART4_IRQHandler                         0x0800026b   Thumb Code     0  startup_stm32f427xx.o(.text)
    UART5_IRQHandler                         0x0800026b   Thumb Code     0  startup_stm32f427xx.o(.text)
    UART7_IRQHandler                         0x0800026b   Thumb Code     0  startup_stm32f427xx.o(.text)
    UART8_IRQHandler                         0x0800026b   Thumb Code     0  startup_stm32f427xx.o(.text)
    USART1_IRQHandler                        0x0800026b   Thumb Code     0  startup_stm32f427xx.o(.text)
    USART3_IRQHandler                        0x0800026b   Thumb Code     0  startup_stm32f427xx.o(.text)
    WWDG_IRQHandler                          0x0800026b   Thumb Code     0  startup_stm32f427xx.o(.text)
    __user_initial_stackheap                 0x0800026d   Thumb Code     0  startup_stm32f427xx.o(.text)
    __aeabi_uldivmod                         0x08000291   Thumb Code     0  lludivv7m.o(.text)
    _ll_udiv                                 0x08000291   Thumb Code   238  lludivv7m.o(.text)
    __aeabi_memclr4                          0x0800037f   Thumb Code     0  rt_memclr_w.o(.text)
    __aeabi_memclr8                          0x0800037f   Thumb Code     0  rt_memclr_w.o(.text)
    __rt_memclr_w                            0x0800037f   Thumb Code    78  rt_memclr_w.o(.text)
    _memset_w                                0x08000383   Thumb Code     0  rt_memclr_w.o(.text)
    __use_two_region_memory                  0x080003cd   Thumb Code     2  heapauxi.o(.text)
    __rt_heap_escrow$2region                 0x080003cf   Thumb Code     2  heapauxi.o(.text)
    __rt_heap_expand$2region                 0x080003d1   Thumb Code     2  heapauxi.o(.text)
    __cpp_initialize__aeabi_                 0x080003d5   Thumb Code    26  init_aeabi.o(.text)
    __user_libspace                          0x080003f9   Thumb Code     8  libspace.o(.text)
    __user_perproc_libspace                  0x080003f9   Thumb Code     0  libspace.o(.text)
    __user_perthread_libspace                0x080003f9   Thumb Code     0  libspace.o(.text)
    __user_setup_stackheap                   0x08000401   Thumb Code    74  sys_stackheap_outer.o(.text)
    exit                                     0x0800044b   Thumb Code    18  exit.o(.text)
    _sys_exit                                0x0800045d   Thumb Code     8  sys_exit.o(.text)
    __I$use$semihosting                      0x08000469   Thumb Code     0  use_no_semi.o(.text)
    __use_no_semihosting_swi                 0x08000469   Thumb Code     2  use_no_semi.o(.text)
    BusFault_Handler                         0x0800046b   Thumb Code     4  stm32f4xx_it.o(i.BusFault_Handler)
    __semihosting_library_function           0x0800046b   Thumb Code     0  indicate_semi.o(.text)
    CAN1_RX0_IRQHandler                      0x08000471   Thumb Code    10  stm32f4xx_it.o(i.CAN1_RX0_IRQHandler)
    CAN1_RX1_IRQHandler                      0x08000481   Thumb Code    10  stm32f4xx_it.o(i.CAN1_RX1_IRQHandler)
    CAN2_RX0_IRQHandler                      0x08000491   Thumb Code    10  stm32f4xx_it.o(i.CAN2_RX0_IRQHandler)
    CAN2_RX1_IRQHandler                      0x080004a1   Thumb Code    10  stm32f4xx_it.o(i.CAN2_RX1_IRQHandler)
    DMA1_Stream5_IRQHandler                  0x080004b1   Thumb Code    10  stm32f4xx_it.o(i.DMA1_Stream5_IRQHandler)
    DMA1_Stream6_IRQHandler                  0x080004c1   Thumb Code    10  stm32f4xx_it.o(i.DMA1_Stream6_IRQHandler)
    DMA2_Stream1_IRQHandler                  0x080004d1   Thumb Code    10  stm32f4xx_it.o(i.DMA2_Stream1_IRQHandler)
    DMA2_Stream6_IRQHandler                  0x080004e1   Thumb Code    10  stm32f4xx_it.o(i.DMA2_Stream6_IRQHandler)
    DebugMon_Handler                         0x080004f1   Thumb Code     2  stm32f4xx_it.o(i.DebugMon_Handler)
    Error_Handler                            0x080004f3   Thumb Code     6  main.o(i.Error_Handler)
    HAL_CAN_ConfigFilter                     0x080004f9   Thumb Code   286  stm32f4xx_hal_can.o(i.HAL_CAN_ConfigFilter)
    HAL_CAN_ErrorCallback                    0x0800061d   Thumb Code     2  stm32f4xx_hal_can.o(i.HAL_CAN_ErrorCallback)
    HAL_CAN_GetRxMessage                     0x0800061f   Thumb Code   404  stm32f4xx_hal_can.o(i.HAL_CAN_GetRxMessage)
    HAL_CAN_IRQHandler                       0x080007b3   Thumb Code   590  stm32f4xx_hal_can.o(i.HAL_CAN_IRQHandler)
    HAL_CAN_Init                             0x08000a01   Thumb Code   372  stm32f4xx_hal_can.o(i.HAL_CAN_Init)
    HAL_CAN_MspInit                          0x08000b75   Thumb Code   360  can.o(i.HAL_CAN_MspInit)
    HAL_CAN_RxFifo0FullCallback              0x08000cf5   Thumb Code     2  stm32f4xx_hal_can.o(i.HAL_CAN_RxFifo0FullCallback)
    HAL_CAN_RxFifo0MsgPendingCallback        0x08000cf9   Thumb Code    72  drv_can.o(i.HAL_CAN_RxFifo0MsgPendingCallback)
    HAL_CAN_RxFifo1FullCallback              0x08000d51   Thumb Code     2  stm32f4xx_hal_can.o(i.HAL_CAN_RxFifo1FullCallback)
    HAL_CAN_RxFifo1MsgPendingCallback        0x08000d55   Thumb Code    72  drv_can.o(i.HAL_CAN_RxFifo1MsgPendingCallback)
    HAL_CAN_SleepCallback                    0x08000dad   Thumb Code     2  stm32f4xx_hal_can.o(i.HAL_CAN_SleepCallback)
    HAL_CAN_Start                            0x08000daf   Thumb Code    94  stm32f4xx_hal_can.o(i.HAL_CAN_Start)
    HAL_CAN_TxMailbox0AbortCallback          0x08000e0d   Thumb Code     2  stm32f4xx_hal_can.o(i.HAL_CAN_TxMailbox0AbortCallback)
    HAL_CAN_TxMailbox0CompleteCallback       0x08000e0f   Thumb Code     2  stm32f4xx_hal_can.o(i.HAL_CAN_TxMailbox0CompleteCallback)
    HAL_CAN_TxMailbox1AbortCallback          0x08000e11   Thumb Code     2  stm32f4xx_hal_can.o(i.HAL_CAN_TxMailbox1AbortCallback)
    HAL_CAN_TxMailbox1CompleteCallback       0x08000e13   Thumb Code     2  stm32f4xx_hal_can.o(i.HAL_CAN_TxMailbox1CompleteCallback)
    HAL_CAN_TxMailbox2AbortCallback          0x08000e15   Thumb Code     2  stm32f4xx_hal_can.o(i.HAL_CAN_TxMailbox2AbortCallback)
    HAL_CAN_TxMailbox2CompleteCallback       0x08000e17   Thumb Code     2  stm32f4xx_hal_can.o(i.HAL_CAN_TxMailbox2CompleteCallback)
    HAL_CAN_WakeUpFromRxMsgCallback          0x08000e19   Thumb Code     2  stm32f4xx_hal_can.o(i.HAL_CAN_WakeUpFromRxMsgCallback)
    HAL_DMA_Abort                            0x08000e1b   Thumb Code   172  stm32f4xx_hal_dma.o(i.HAL_DMA_Abort)
    HAL_DMA_Abort_IT                         0x08000ec7   Thumb Code    40  stm32f4xx_hal_dma.o(i.HAL_DMA_Abort_IT)
    HAL_DMA_IRQHandler                       0x08000ef1   Thumb Code   570  stm32f4xx_hal_dma.o(i.HAL_DMA_IRQHandler)
    HAL_DMA_Init                             0x08001131   Thumb Code   232  stm32f4xx_hal_dma.o(i.HAL_DMA_Init)
    HAL_DMA_Start_IT                         0x0800121d   Thumb Code   146  stm32f4xx_hal_dma.o(i.HAL_DMA_Start_IT)
    HAL_Delay                                0x080012b1   Thumb Code    36  stm32f4xx_hal.o(i.HAL_Delay)
    HAL_GPIO_Init                            0x080012d9   Thumb Code   474  stm32f4xx_hal_gpio.o(i.HAL_GPIO_Init)
    HAL_GPIO_ReadPin                         0x080014e9   Thumb Code    16  stm32f4xx_hal_gpio.o(i.HAL_GPIO_ReadPin)
    HAL_GPIO_WritePin                        0x080014f9   Thumb Code    12  stm32f4xx_hal_gpio.o(i.HAL_GPIO_WritePin)
    HAL_GetTick                              0x08001505   Thumb Code     6  stm32f4xx_hal.o(i.HAL_GetTick)
    HAL_IncTick                              0x08001511   Thumb Code    16  stm32f4xx_hal.o(i.HAL_IncTick)
    HAL_Init                                 0x08001529   Thumb Code    54  stm32f4xx_hal.o(i.HAL_Init)
    HAL_InitTick                             0x08001565   Thumb Code    64  stm32f4xx_hal.o(i.HAL_InitTick)
    HAL_MspInit                              0x080015b1   Thumb Code    68  stm32f4xx_hal_msp.o(i.HAL_MspInit)
    HAL_NVIC_EnableIRQ                       0x080015f9   Thumb Code    40  stm32f4xx_hal_cortex.o(i.HAL_NVIC_EnableIRQ)
    HAL_NVIC_SetPriority                     0x08001621   Thumb Code   124  stm32f4xx_hal_cortex.o(i.HAL_NVIC_SetPriority)
    HAL_NVIC_SetPriorityGrouping             0x0800169d   Thumb Code    32  stm32f4xx_hal_cortex.o(i.HAL_NVIC_SetPriorityGrouping)
    HAL_PWREx_EnableOverDrive                0x080016c5   Thumb Code   128  stm32f4xx_hal_pwr_ex.o(i.HAL_PWREx_EnableOverDrive)
    HAL_RCC_ClockConfig                      0x08001751   Thumb Code   368  stm32f4xx_hal_rcc.o(i.HAL_RCC_ClockConfig)
    HAL_RCC_GetHCLKFreq                      0x080018d5   Thumb Code     6  stm32f4xx_hal_rcc.o(i.HAL_RCC_GetHCLKFreq)
    HAL_RCC_GetPCLK1Freq                     0x080018e1   Thumb Code    22  stm32f4xx_hal_rcc.o(i.HAL_RCC_GetPCLK1Freq)
    HAL_RCC_GetPCLK2Freq                     0x08001901   Thumb Code    22  stm32f4xx_hal_rcc.o(i.HAL_RCC_GetPCLK2Freq)
    HAL_RCC_GetSysClockFreq                  0x08001921   Thumb Code   162  stm32f4xx_hal_rcc.o(i.HAL_RCC_GetSysClockFreq)
    HAL_RCC_OscConfig                        0x080019d1   Thumb Code  1172  stm32f4xx_hal_rcc.o(i.HAL_RCC_OscConfig)
    HAL_SYSTICK_Config                       0x08001e6d   Thumb Code    52  stm32f4xx_hal_cortex.o(i.HAL_SYSTICK_Config)
    HAL_TIMEx_MasterConfigSynchronization    0x08001ea1   Thumb Code   150  stm32f4xx_hal_tim_ex.o(i.HAL_TIMEx_MasterConfigSynchronization)
    HAL_TIM_Base_Init                        0x08001f55   Thumb Code   102  stm32f4xx_hal_tim.o(i.HAL_TIM_Base_Init)
    HAL_TIM_Base_MspInit                     0x08001fbd   Thumb Code    84  tim.o(i.HAL_TIM_Base_MspInit)
    HAL_TIM_Base_Start_IT                    0x08002019   Thumb Code   138  stm32f4xx_hal_tim.o(i.HAL_TIM_Base_Start_IT)
    HAL_TIM_ConfigClockSource                0x080020c1   Thumb Code   268  stm32f4xx_hal_tim.o(i.HAL_TIM_ConfigClockSource)
    HAL_TIM_MspPostInit                      0x080021cd   Thumb Code   154  tim.o(i.HAL_TIM_MspPostInit)
    HAL_TIM_PWM_ConfigChannel                0x08002279   Thumb Code   260  stm32f4xx_hal_tim.o(i.HAL_TIM_PWM_ConfigChannel)
    HAL_TIM_PWM_Init                         0x0800237d   Thumb Code   102  stm32f4xx_hal_tim.o(i.HAL_TIM_PWM_Init)
    HAL_TIM_PWM_MspInit                      0x080023e3   Thumb Code     2  stm32f4xx_hal_tim.o(i.HAL_TIM_PWM_MspInit)
    HAL_TIM_PWM_Start                        0x080023e5   Thumb Code   238  stm32f4xx_hal_tim.o(i.HAL_TIM_PWM_Start)
    HAL_UARTEx_ReceiveToIdle_DMA             0x080024f1   Thumb Code   114  stm32f4xx_hal_uart.o(i.HAL_UARTEx_ReceiveToIdle_DMA)
    HAL_UARTEx_RxEventCallback               0x08002565   Thumb Code   198  drv_uart.o(i.HAL_UARTEx_RxEventCallback)
    HAL_UART_ErrorCallback                   0x0800265d   Thumb Code     2  stm32f4xx_hal_uart.o(i.HAL_UART_ErrorCallback)
    HAL_UART_IRQHandler                      0x08002661   Thumb Code   740  stm32f4xx_hal_uart.o(i.HAL_UART_IRQHandler)
    HAL_UART_Init                            0x08002949   Thumb Code   118  stm32f4xx_hal_uart.o(i.HAL_UART_Init)
    HAL_UART_MspInit                         0x080029c1   Thumb Code   506  usart.o(i.HAL_UART_MspInit)
    HAL_UART_RxCpltCallback                  0x08002be9   Thumb Code     2  stm32f4xx_hal_uart.o(i.HAL_UART_RxCpltCallback)
    HAL_UART_RxHalfCpltCallback              0x08002beb   Thumb Code     2  stm32f4xx_hal_uart.o(i.HAL_UART_RxHalfCpltCallback)
    HAL_UART_TxCpltCallback                  0x08002bed   Thumb Code     2  stm32f4xx_hal_uart.o(i.HAL_UART_TxCpltCallback)
    HardFault_Handler                        0x08002bef   Thumb Code     4  stm32f4xx_it.o(i.HardFault_Handler)
    MX_CAN1_Init                             0x08002bf5   Thumb Code    60  can.o(i.MX_CAN1_Init)
    MX_CAN2_Init                             0x08002c39   Thumb Code    60  can.o(i.MX_CAN2_Init)
    MX_DMA_Init                              0x08002c7d   Thumb Code   130  dma.o(i.MX_DMA_Init)
    MX_GPIO_Init                             0x08002d05   Thumb Code   432  gpio.o(i.MX_GPIO_Init)
    MX_TIM2_Init                             0x08002ecd   Thumb Code   160  tim.o(i.MX_TIM2_Init)
    MX_TIM4_Init                             0x08002f71   Thumb Code   206  tim.o(i.MX_TIM4_Init)
    MX_USART2_UART_Init                      0x08003049   Thumb Code    46  usart.o(i.MX_USART2_UART_Init)
    MX_USART6_UART_Init                      0x08003081   Thumb Code    46  usart.o(i.MX_USART6_UART_Init)
    MemManage_Handler                        0x080030b9   Thumb Code     4  stm32f4xx_it.o(i.MemManage_Handler)
    NMI_Handler                              0x080030bd   Thumb Code     4  stm32f4xx_it.o(i.NMI_Handler)
    PendSV_Handler                           0x080030c1   Thumb Code     2  stm32f4xx_it.o(i.PendSV_Handler)
    SVC_Handler                              0x080030c3   Thumb Code     2  stm32f4xx_it.o(i.SVC_Handler)
    SysTick_Handler                          0x080030c5   Thumb Code     8  stm32f4xx_it.o(i.SysTick_Handler)
    SystemInit                               0x080030cd   Thumb Code    14  system_stm32f4xx.o(i.SystemInit)
    TIM_Base_SetConfig                       0x080030e1   Thumb Code   186  stm32f4xx_hal_tim.o(i.TIM_Base_SetConfig)
    TIM_CCxChannelCmd                        0x080031c9   Thumb Code    34  stm32f4xx_hal_tim.o(i.TIM_CCxChannelCmd)
    TIM_ETR_SetConfig                        0x080031eb   Thumb Code    22  stm32f4xx_hal_tim.o(i.TIM_ETR_SetConfig)
    TIM_OC2_SetConfig                        0x08003201   Thumb Code   114  stm32f4xx_hal_tim.o(i.TIM_OC2_SetConfig)
    UART_Start_Receive_DMA                   0x0800327d   Thumb Code   186  stm32f4xx_hal_uart.o(i.UART_Start_Receive_DMA)
    USART2_IRQHandler                        0x08003345   Thumb Code    10  stm32f4xx_it.o(i.USART2_IRQHandler)
    USART6_IRQHandler                        0x08003355   Thumb Code    10  stm32f4xx_it.o(i.USART6_IRQHandler)
    UsageFault_Handler                       0x08003365   Thumb Code     4  stm32f4xx_it.o(i.UsageFault_Handler)
    MyI2C_Init()                             0x08003369   Thumb Code    92  myi2c.o(i._Z10MyI2C_Initv)
    MyI2C_Stop()                             0x080033cd   Thumb Code    22  myi2c.o(i._Z10MyI2C_Stopv)
    OLED_Clear()                             0x080033e3   Thumb Code    42  oled.o(i._Z10OLED_Clearv)
    Timer_Init()                             0x0800340d   Thumb Code   122  timer.o(i._Z10Timer_Initv)
    BSP_DC24_LD(Enum_BSP_DC24_Status)        0x08003491   Thumb Code    16  drv_bsp.o(i._Z11BSP_DC24_LD20Enum_BSP_DC24_Status)
    BSP_DC24_LU(Enum_BSP_DC24_Status)        0x080034a5   Thumb Code    16  drv_bsp.o(i._Z11BSP_DC24_LU20Enum_BSP_DC24_Status)
    BSP_DC24_RD(Enum_BSP_DC24_Status)        0x080034b9   Thumb Code    16  drv_bsp.o(i._Z11BSP_DC24_RD20Enum_BSP_DC24_Status)
    BSP_DC24_RU(Enum_BSP_DC24_Status)        0x080034cd   Thumb Code    16  drv_bsp.o(i._Z11BSP_DC24_RU20Enum_BSP_DC24_Status)
    MyI2C_R_SDA()                            0x080034e1   Thumb Code    22  myi2c.o(i._Z11MyI2C_R_SDAv)
    MyI2C_Start()                            0x080034fd   Thumb Code    28  myi2c.o(i._Z11MyI2C_Startv)
    MyI2C_W_SCL(unsigned char)               0x08003519   Thumb Code    30  myi2c.o(i._Z11MyI2C_W_SCLh)
    MyI2C_W_SDA(unsigned char)               0x0800353d   Thumb Code    30  myi2c.o(i._Z11MyI2C_W_SDAh)
    MPU6050_Init()                           0x08003561   Thumb Code    56  mpu6050.o(i._Z12MPU6050_Initv)
    OLED_I2C_Init()                          0x08003599   Thumb Code   116  oled.o(i._Z13OLED_I2C_Initv)
    OLED_I2C_Stop()                          0x08003615   Thumb Code    58  oled.o(i._Z13OLED_I2C_Stopv)
    OLED_ShowChar(unsigned char, unsigned char, char) 0x08003655   Thumb Code   110  oled.o(i._Z13OLED_ShowCharhhc)
    MyI2C_SendByte(unsigned char)            0x080036c9   Thumb Code    42  myi2c.o(i._Z14MyI2C_SendByteh)
    OLED_I2C_Start()                         0x080036f5   Thumb Code    68  oled.o(i._Z14OLED_I2C_Startv)
    OLED_SetCursor(unsigned char, unsigned char) 0x0800373d   Thumb Code    34  oled.o(i._Z14OLED_SetCursorhh)
    OLED_WriteData(unsigned char)            0x0800375f   Thumb Code    32  oled.o(i._Z14OLED_WriteDatah)
    Char2GPIO_State(char)                    0x0800377f   Thumb Code    14  drv_communication.o(i._Z15Char2GPIO_Statec)
    OLED_ShowString(unsigned char, unsigned char, char*) 0x0800378d   Thumb Code    40  oled.o(i._Z15OLED_ShowStringhhPc)
    MPU6050_WriteReg(unsigned char, unsigned char) 0x080037b5   Thumb Code    46  mpu6050.o(i._Z16MPU6050_WriteReghh)
    MyI2C_ReceiveAck()                       0x080037e3   Thumb Code    48  myi2c.o(i._Z16MyI2C_ReceiveAckv)
    Trans_LED_Status()                       0x08003815   Thumb Code   166  drv_communication.o(i._Z16Trans_LED_Statusv)
    allocate_tx_data(CAN_HandleTypeDef*, Enum_CAN_Motor_ID) 0x080038c5   Thumb Code    92  dvc_motor.o(i._Z16allocate_tx_dataP17CAN_HandleTypeDef17Enum_CAN_Motor_ID)
    OLED_I2C_SendByte(unsigned char)         0x08003931   Thumb Code   124  oled.o(i._Z17OLED_I2C_SendByteh)
    OLED_WriteCommand(unsigned char)         0x080039b1   Thumb Code    32  oled.o(i._Z17OLED_WriteCommandh)
    OLED_ShowSignedNum(unsigned char, unsigned char, int, unsigned char) 0x080039d1   Thumb Code   102  oled.o(i._Z18OLED_ShowSignedNumhhih)
    SystemClock_Config()                     0x08003a39   Thumb Code   180  main.o(i._Z18SystemClock_Configv)
    CAN_Motor_Call_Back(Struct_CAN_Rx_Buffer*) 0x08003af5   Thumb Code   126  drv_motion.o(i._Z19CAN_Motor_Call_BackP20Struct_CAN_Rx_Buffer)
    MoveOrder_Call_Back(unsigned char*, unsigned short) 0x08003b95   Thumb Code  1384  drv_communication.o(i._Z19MoveOrder_Call_BackPht)
    CAN_Filter_Mask_Config(CAN_HandleTypeDef*, unsigned char, unsigned, unsigned) 0x08004105   Thumb Code   110  drv_can.o(i._Z22CAN_Filter_Mask_ConfigP17CAN_HandleTypeDefhjj)
    BSP_Init(unsigned, float, float)         0x08004173   Thumb Code   154  drv_bsp.o(i._Z8BSP_Initjff)
    CAN_Init(CAN_HandleTypeDef*, void(*)(Struct_CAN_Rx_Buffer*)) 0x0800420d   Thumb Code   116  drv_can.o(i._Z8CAN_InitP17CAN_HandleTypeDefPFvP20Struct_CAN_Rx_BufferE)
    Delay_us(unsigned)                       0x08004291   Thumb Code    46  delay.o(i._Z8Delay_usj)
    OLED_Pow(unsigned, unsigned)             0x080042bf   Thumb Code    20  oled.o(i._Z8OLED_Powjj)
    BSP_LED_1(Enum_BSP_LED_Status)           0x080042d5   Thumb Code    16  drv_bsp.o(i._Z9BSP_LED_119Enum_BSP_LED_Status)
    BSP_LED_2(Enum_BSP_LED_Status)           0x080042e9   Thumb Code    16  drv_bsp.o(i._Z9BSP_LED_219Enum_BSP_LED_Status)
    BSP_LED_3(Enum_BSP_LED_Status)           0x080042fd   Thumb Code    16  drv_bsp.o(i._Z9BSP_LED_319Enum_BSP_LED_Status)
    BSP_LED_4(Enum_BSP_LED_Status)           0x08004311   Thumb Code    16  drv_bsp.o(i._Z9BSP_LED_419Enum_BSP_LED_Status)
    BSP_LED_5(Enum_BSP_LED_Status)           0x08004325   Thumb Code    16  drv_bsp.o(i._Z9BSP_LED_519Enum_BSP_LED_Status)
    BSP_LED_6(Enum_BSP_LED_Status)           0x08004339   Thumb Code    16  drv_bsp.o(i._Z9BSP_LED_619Enum_BSP_LED_Status)
    BSP_LED_7(Enum_BSP_LED_Status)           0x0800434d   Thumb Code    16  drv_bsp.o(i._Z9BSP_LED_719Enum_BSP_LED_Status)
    BSP_LED_8(Enum_BSP_LED_Status)           0x08004361   Thumb Code    18  drv_bsp.o(i._Z9BSP_LED_819Enum_BSP_LED_Status)
    BSP_LED_G(Enum_BSP_LED_Status)           0x08004379   Thumb Code    18  drv_bsp.o(i._Z9BSP_LED_G19Enum_BSP_LED_Status)
    BSP_LED_R(Enum_BSP_LED_Status)           0x08004391   Thumb Code    18  drv_bsp.o(i._Z9BSP_LED_R19Enum_BSP_LED_Status)
    OLED_Init()                              0x080043a9   Thumb Code   174  oled.o(i._Z9OLED_Initv)
    Uart_Init(__UART_HandleTypeDef*, unsigned char*, unsigned short, void(*)(unsigned char*, unsigned short)) 0x08004459   Thumb Code   144  drv_uart.o(i._Z9Uart_InitP20__UART_HandleTypeDefPhtPFvS1_tE)
    Class_Motor_C620::CAN_RxCpltCallback(unsigned char*) 0x08004519   Thumb Code   218  dvc_motor.o(i._ZN16Class_Motor_C62018CAN_RxCpltCallbackEPh)
    Class_Motor_C620::Init(CAN_HandleTypeDef*, Enum_CAN_Motor_ID, Enum_Control_Method, float, float) 0x080045fd   Thumb Code    70  dvc_motor.o(i._ZN16Class_Motor_C6204InitEP17CAN_HandleTypeDef17Enum_CAN_Motor_ID19Enum_Control_Methodff)
    Class_Motor_C620::Class_Motor_C620()     0x08004655   Thumb Code   144  main.o(i._ZN16Class_Motor_C620C1Ev)
    Class_Motor_C620::Class_Motor_C620__sub_object() 0x08004655   Thumb Code     0  main.o(i._ZN16Class_Motor_C620C1Ev)
    Class_PID::Init(float, float, float, float, float, float, float, float, float, float, float, Enum_PID_D_First) 0x08004f49   Thumb Code    48  alg_pid.o(i._ZN9Class_PID4InitEfffffffffff16Enum_PID_D_First)
    Class_PID::Class_PID()                   0x08004f79   Thumb Code   138  main.o(i._ZN9Class_PIDC1Ev)
    Class_PID::Class_PID__sub_object()       0x08004f79   Thumb Code     0  main.o(i._ZN9Class_PIDC1Ev)
    main                                     0x08005069   Thumb Code  1370  main.o(i.main)
    _fp_init                                 0x080055d5   Thumb Code    10  fpinit.o(x$fpl$fpinit)
    __fplib_config_fpu_vfp                   0x080055dd   Thumb Code     0  fpinit.o(x$fpl$fpinit)
    __fplib_config_pureend_doubles           0x080055dd   Thumb Code     0  fpinit.o(x$fpl$fpinit)
    AHBPrescTable                            0x080055e6   Data          16  system_stm32f4xx.o(.constdata)
    APBPrescTable                            0x080055f6   Data           8  system_stm32f4xx.o(.constdata)
    Region$$Table$$Base                      0x08005bf0   Number         0  anon$$obj.o(Region$$Table)
    Region$$Table$$Limit                     0x08005c10   Number         0  anon$$obj.o(Region$$Table)
    SHT$$INIT_ARRAY$$Base                    0x08005c10   Number         0  main.o(.init_array)
    SHT$$INIT_ARRAY$$Limit                   0x08005c14   Number         0  init_aeabi.o(.init_array)
    uwTick                                   0x20000004   Data           4  stm32f4xx_hal.o(.data)
    uwTickPrio                               0x20000008   Data           4  stm32f4xx_hal.o(.data)
    uwTickFreq                               0x2000000c   Data           1  stm32f4xx_hal.o(.data)
    SystemCoreClock                          0x20000010   Data           4  system_stm32f4xx.o(.data)
    CAN1_0x1ff_Tx_Data                       0x20000014   Data           8  drv_can.o(.data)
    CAN1_0x200_Tx_Data                       0x2000001c   Data           8  drv_can.o(.data)
    CAN1_0x2ff_Tx_Data                       0x20000024   Data           8  drv_can.o(.data)
    CAN2_0x1ff_Tx_Data                       0x2000002c   Data           8  drv_can.o(.data)
    CAN2_0x200_Tx_Data                       0x20000034   Data           8  drv_can.o(.data)
    CAN2_0x2ff_Tx_Data                       0x2000003c   Data           8  drv_can.o(.data)
    CAN_Supercap_Tx_Data                     0x20000044   Data           8  drv_can.o(.data)
    tx_buffer                                0x20000050   Data           9  drv_communication.o(.data)
    MoveOrder                                0x20000059   Data           1  drv_communication.o(.data)
    motor1                                   0x2000005c   Data         248  main.o(.bss)
    motor2                                   0x20000154   Data         248  main.o(.bss)
    motor3                                   0x2000024c   Data         248  main.o(.bss)
    motor4                                   0x20000344   Data         248  main.o(.bss)
    motor5                                   0x2000043c   Data         248  main.o(.bss)
    motor6                                   0x20000534   Data         248  main.o(.bss)
    motor7                                   0x2000062c   Data         248  main.o(.bss)
    motor8                                   0x20000724   Data         248  main.o(.bss)
    claw_lift_motor                          0x2000081c   Data         248  main.o(.bss)
    hcan1                                    0x20000914   Data          40  can.o(.bss)
    hcan2                                    0x2000093c   Data          40  can.o(.bss)
    htim2                                    0x20000964   Data          72  tim.o(.bss)
    htim4                                    0x200009ac   Data          72  tim.o(.bss)
    huart2                                   0x200009f4   Data          72  usart.o(.bss)
    huart6                                   0x20000a3c   Data          72  usart.o(.bss)
    hdma_usart2_rx                           0x20000a84   Data          96  usart.o(.bss)
    hdma_usart2_tx                           0x20000ae4   Data          96  usart.o(.bss)
    hdma_usart6_rx                           0x20000b44   Data          96  usart.o(.bss)
    hdma_usart6_tx                           0x20000ba4   Data          96  usart.o(.bss)
    CAN1_Manage_Object                       0x20000c04   Data          44  drv_can.o(.bss)
    CAN2_Manage_Object                       0x20000c30   Data          44  drv_can.o(.bss)
    UART1_Manage_Object                      0x20000c5c   Data          16  drv_uart.o(.bss)
    UART2_Manage_Object                      0x20000c6c   Data          16  drv_uart.o(.bss)
    UART3_Manage_Object                      0x20000c7c   Data          16  drv_uart.o(.bss)
    UART4_Manage_Object                      0x20000c8c   Data          16  drv_uart.o(.bss)
    UART5_Manage_Object                      0x20000c9c   Data          16  drv_uart.o(.bss)
    UART6_Manage_Object                      0x20000cac   Data          16  drv_uart.o(.bss)
    UART7_Manage_Object                      0x20000cbc   Data          16  drv_uart.o(.bss)
    UART8_Manage_Object                      0x20000ccc   Data          16  drv_uart.o(.bss)
    UART1_Tx_Data                            0x20000cdc   Data         256  drv_uart.o(.bss)
    UART2_Tx_Data                            0x20000ddc   Data         256  drv_uart.o(.bss)
    UART3_Tx_Data                            0x20000edc   Data         256  drv_uart.o(.bss)
    UART4_Tx_Data                            0x20000fdc   Data         256  drv_uart.o(.bss)
    UART5_Tx_Data                            0x200010dc   Data         256  drv_uart.o(.bss)
    UART6_Tx_Data                            0x200011dc   Data         256  drv_uart.o(.bss)
    UART7_Tx_Data                            0x200012dc   Data         256  drv_uart.o(.bss)
    UART8_Tx_Data                            0x200013dc   Data         256  drv_uart.o(.bss)
    rx_buffer                                0x200014dc   Data          10  drv_communication.o(.bss)
    imu_data                                 0x200014e8   Data          24  imu.o(.bss)
    imu_Angle                                0x20001500   Data          12  imu.o(.bss)
    __libspace_start                         0x2000150c   Data          96  libspace.o(.bss)
    __temporary_stack_top$libspace           0x2000156c   Data           0  libspace.o(.bss)



==============================================================================

Memory Map of the image

  Image Entry point : 0x080001ad

  Load Region LR_IROM1 (Base: 0x08000000, Size: 0x00005c70, Max: 0x00200000, ABSOLUTE)

    Execution Region ER_IROM1 (Exec base: 0x08000000, Load base: 0x08000000, Size: 0x00005c14, Max: 0x00200000, ABSOLUTE)

    Exec Addr    Load Addr    Size         Type   Attr      Idx    E Section Name        Object

    0x08000000   0x08000000   0x000001ac   Data   RO            3    RESET               startup_stm32f427xx.o
    0x080001ac   0x080001ac   0x00000008   Code   RO         5375  * !!!main             c_w.l(__main.o)
    0x080001b4   0x080001b4   0x00000034   Code   RO         5623    !!!scatter          c_w.l(__scatter.o)
    0x080001e8   0x080001e8   0x0000001a   Code   RO         5625    !!handler_copy      c_w.l(__scatter_copy.o)
    0x08000202   0x08000202   0x00000002   PAD
    0x08000204   0x08000204   0x0000001c   Code   RO         5627    !!handler_zi        c_w.l(__scatter_zi.o)
    0x08000220   0x08000220   0x00000002   Code   RO         5549    .ARM.Collect$$libinit$$00000000  c_w.l(libinit.o)
    0x08000222   0x08000222   0x00000004   Code   RO         5426    .ARM.Collect$$libinit$$00000001  c_w.l(libinit2.o)
    0x08000226   0x08000226   0x00000000   Code   RO         5429    .ARM.Collect$$libinit$$00000004  c_w.l(libinit2.o)
    0x08000226   0x08000226   0x00000000   Code   RO         5432    .ARM.Collect$$libinit$$0000000A  c_w.l(libinit2.o)
    0x08000226   0x08000226   0x00000000   Code   RO         5434    .ARM.Collect$$libinit$$0000000C  c_w.l(libinit2.o)
    0x08000226   0x08000226   0x00000000   Code   RO         5436    .ARM.Collect$$libinit$$0000000E  c_w.l(libinit2.o)
    0x08000226   0x08000226   0x00000000   Code   RO         5439    .ARM.Collect$$libinit$$00000011  c_w.l(libinit2.o)
    0x08000226   0x08000226   0x00000000   Code   RO         5441    .ARM.Collect$$libinit$$00000013  c_w.l(libinit2.o)
    0x08000226   0x08000226   0x00000000   Code   RO         5443    .ARM.Collect$$libinit$$00000015  c_w.l(libinit2.o)
    0x08000226   0x08000226   0x00000000   Code   RO         5445    .ARM.Collect$$libinit$$00000017  c_w.l(libinit2.o)
    0x08000226   0x08000226   0x00000000   Code   RO         5447    .ARM.Collect$$libinit$$00000019  c_w.l(libinit2.o)
    0x08000226   0x08000226   0x00000000   Code   RO         5449    .ARM.Collect$$libinit$$0000001B  c_w.l(libinit2.o)
    0x08000226   0x08000226   0x00000000   Code   RO         5451    .ARM.Collect$$libinit$$0000001D  c_w.l(libinit2.o)
    0x08000226   0x08000226   0x00000000   Code   RO         5453    .ARM.Collect$$libinit$$0000001F  c_w.l(libinit2.o)
    0x08000226   0x08000226   0x00000000   Code   RO         5455    .ARM.Collect$$libinit$$00000021  c_w.l(libinit2.o)
    0x08000226   0x08000226   0x00000000   Code   RO         5457    .ARM.Collect$$libinit$$00000023  c_w.l(libinit2.o)
    0x08000226   0x08000226   0x00000000   Code   RO         5459    .ARM.Collect$$libinit$$00000025  c_w.l(libinit2.o)
    0x08000226   0x08000226   0x00000000   Code   RO         5463    .ARM.Collect$$libinit$$0000002C  c_w.l(libinit2.o)
    0x08000226   0x08000226   0x00000000   Code   RO         5465    .ARM.Collect$$libinit$$0000002E  c_w.l(libinit2.o)
    0x08000226   0x08000226   0x00000000   Code   RO         5467    .ARM.Collect$$libinit$$00000030  c_w.l(libinit2.o)
    0x08000226   0x08000226   0x00000004   Code   RO         5468    .ARM.Collect$$libinit$$00000031  c_w.l(libinit2.o)
    0x0800022a   0x0800022a   0x00000000   Code   RO         5469    .ARM.Collect$$libinit$$00000032  c_w.l(libinit2.o)
    0x0800022a   0x0800022a   0x00000002   Code   RO         5470    .ARM.Collect$$libinit$$00000033  c_w.l(libinit2.o)
    0x0800022c   0x0800022c   0x00000002   Code   RO         5590    .ARM.Collect$$libshutdown$$00000000  c_w.l(libshutdown.o)
    0x0800022e   0x0800022e   0x00000000   Code   RO         5606    .ARM.Collect$$libshutdown$$00000002  c_w.l(libshutdown2.o)
    0x0800022e   0x0800022e   0x00000000   Code   RO         5608    .ARM.Collect$$libshutdown$$00000004  c_w.l(libshutdown2.o)
    0x0800022e   0x0800022e   0x00000000   Code   RO         5611    .ARM.Collect$$libshutdown$$00000007  c_w.l(libshutdown2.o)
    0x0800022e   0x0800022e   0x00000000   Code   RO         5614    .ARM.Collect$$libshutdown$$0000000A  c_w.l(libshutdown2.o)
    0x0800022e   0x0800022e   0x00000000   Code   RO         5616    .ARM.Collect$$libshutdown$$0000000C  c_w.l(libshutdown2.o)
    0x0800022e   0x0800022e   0x00000000   Code   RO         5619    .ARM.Collect$$libshutdown$$0000000F  c_w.l(libshutdown2.o)
    0x0800022e   0x0800022e   0x00000002   Code   RO         5620    .ARM.Collect$$libshutdown$$00000010  c_w.l(libshutdown2.o)
    0x08000230   0x08000230   0x00000000   Code   RO         5419    .ARM.Collect$$rtentry$$00000000  c_w.l(__rtentry.o)
    0x08000230   0x08000230   0x00000000   Code   RO         5504    .ARM.Collect$$rtentry$$00000002  c_w.l(__rtentry2.o)
    0x08000230   0x08000230   0x00000006   Code   RO         5516    .ARM.Collect$$rtentry$$00000004  c_w.l(__rtentry4.o)
    0x08000236   0x08000236   0x00000000   Code   RO         5506    .ARM.Collect$$rtentry$$00000009  c_w.l(__rtentry2.o)
    0x08000236   0x08000236   0x00000004   Code   RO         5507    .ARM.Collect$$rtentry$$0000000A  c_w.l(__rtentry2.o)
    0x0800023a   0x0800023a   0x00000000   Code   RO         5509    .ARM.Collect$$rtentry$$0000000C  c_w.l(__rtentry2.o)
    0x0800023a   0x0800023a   0x00000008   Code   RO         5510    .ARM.Collect$$rtentry$$0000000D  c_w.l(__rtentry2.o)
    0x08000242   0x08000242   0x00000002   Code   RO         5552    .ARM.Collect$$rtexit$$00000000  c_w.l(rtexit.o)
    0x08000244   0x08000244   0x00000000   Code   RO         5572    .ARM.Collect$$rtexit$$00000002  c_w.l(rtexit2.o)
    0x08000244   0x08000244   0x00000004   Code   RO         5573    .ARM.Collect$$rtexit$$00000003  c_w.l(rtexit2.o)
    0x08000248   0x08000248   0x00000006   Code   RO         5574    .ARM.Collect$$rtexit$$00000004  c_w.l(rtexit2.o)
    0x0800024e   0x0800024e   0x00000002   PAD
    0x08000250   0x08000250   0x00000040   Code   RO            4    .text               startup_stm32f427xx.o
    0x08000290   0x08000290   0x000000ee   Code   RO         5369    .text               c_w.l(lludivv7m.o)
    0x0800037e   0x0800037e   0x0000004e   Code   RO         5371    .text               c_w.l(rt_memclr_w.o)
    0x080003cc   0x080003cc   0x00000006   Code   RO         5373    .text               c_w.l(heapauxi.o)
    0x080003d2   0x080003d2   0x00000002   PAD
    0x080003d4   0x080003d4   0x00000024   Code   RO         5380    .text               c_w.l(init_aeabi.o)
    0x080003f8   0x080003f8   0x00000008   Code   RO         5529    .text               c_w.l(libspace.o)
    0x08000400   0x08000400   0x0000004a   Code   RO         5532    .text               c_w.l(sys_stackheap_outer.o)
    0x0800044a   0x0800044a   0x00000012   Code   RO         5534    .text               c_w.l(exit.o)
    0x0800045c   0x0800045c   0x0000000c   Code   RO         5566    .text               c_w.l(sys_exit.o)
    0x08000468   0x08000468   0x00000002   Code   RO         5568    .text               c_w.l(use_no_semi.o)
    0x0800046a   0x0800046a   0x00000000   Code   RO         5570    .text               c_w.l(indicate_semi.o)
    0x0800046a   0x0800046a   0x00000004   Code   RO          517    i.BusFault_Handler  stm32f4xx_it.o
    0x0800046e   0x0800046e   0x00000002   PAD
    0x08000470   0x08000470   0x00000010   Code   RO          518    i.CAN1_RX0_IRQHandler  stm32f4xx_it.o
    0x08000480   0x08000480   0x00000010   Code   RO          519    i.CAN1_RX1_IRQHandler  stm32f4xx_it.o
    0x08000490   0x08000490   0x00000010   Code   RO          520    i.CAN2_RX0_IRQHandler  stm32f4xx_it.o
    0x080004a0   0x080004a0   0x00000010   Code   RO          521    i.CAN2_RX1_IRQHandler  stm32f4xx_it.o
    0x080004b0   0x080004b0   0x00000010   Code   RO          522    i.DMA1_Stream5_IRQHandler  stm32f4xx_it.o
    0x080004c0   0x080004c0   0x00000010   Code   RO          523    i.DMA1_Stream6_IRQHandler  stm32f4xx_it.o
    0x080004d0   0x080004d0   0x00000010   Code   RO          524    i.DMA2_Stream1_IRQHandler  stm32f4xx_it.o
    0x080004e0   0x080004e0   0x00000010   Code   RO          525    i.DMA2_Stream6_IRQHandler  stm32f4xx_it.o
    0x080004f0   0x080004f0   0x00000002   Code   RO          526    i.DebugMon_Handler  stm32f4xx_it.o
    0x080004f2   0x080004f2   0x00000006   Code   RO           13    i.Error_Handler     main.o
    0x080004f8   0x080004f8   0x00000124   Code   RO          700    i.HAL_CAN_ConfigFilter  stm32f4xx_hal_can.o
    0x0800061c   0x0800061c   0x00000002   Code   RO          703    i.HAL_CAN_ErrorCallback  stm32f4xx_hal_can.o
    0x0800061e   0x0800061e   0x00000194   Code   RO          706    i.HAL_CAN_GetRxMessage  stm32f4xx_hal_can.o
    0x080007b2   0x080007b2   0x0000024e   Code   RO          710    i.HAL_CAN_IRQHandler  stm32f4xx_hal_can.o
    0x08000a00   0x08000a00   0x00000174   Code   RO          711    i.HAL_CAN_Init      stm32f4xx_hal_can.o
    0x08000b74   0x08000b74   0x00000180   Code   RO          329    i.HAL_CAN_MspInit   can.o
    0x08000cf4   0x08000cf4   0x00000002   Code   RO          718    i.HAL_CAN_RxFifo0FullCallback  stm32f4xx_hal_can.o
    0x08000cf6   0x08000cf6   0x00000002   PAD
    0x08000cf8   0x08000cf8   0x00000058   Code   RO         4176    i.HAL_CAN_RxFifo0MsgPendingCallback  drv_can.o
    0x08000d50   0x08000d50   0x00000002   Code   RO          720    i.HAL_CAN_RxFifo1FullCallback  stm32f4xx_hal_can.o
    0x08000d52   0x08000d52   0x00000002   PAD
    0x08000d54   0x08000d54   0x00000058   Code   RO         4177    i.HAL_CAN_RxFifo1MsgPendingCallback  drv_can.o
    0x08000dac   0x08000dac   0x00000002   Code   RO          722    i.HAL_CAN_SleepCallback  stm32f4xx_hal_can.o
    0x08000dae   0x08000dae   0x0000005e   Code   RO          723    i.HAL_CAN_Start     stm32f4xx_hal_can.o
    0x08000e0c   0x08000e0c   0x00000002   Code   RO          725    i.HAL_CAN_TxMailbox0AbortCallback  stm32f4xx_hal_can.o
    0x08000e0e   0x08000e0e   0x00000002   Code   RO          726    i.HAL_CAN_TxMailbox0CompleteCallback  stm32f4xx_hal_can.o
    0x08000e10   0x08000e10   0x00000002   Code   RO          727    i.HAL_CAN_TxMailbox1AbortCallback  stm32f4xx_hal_can.o
    0x08000e12   0x08000e12   0x00000002   Code   RO          728    i.HAL_CAN_TxMailbox1CompleteCallback  stm32f4xx_hal_can.o
    0x08000e14   0x08000e14   0x00000002   Code   RO          729    i.HAL_CAN_TxMailbox2AbortCallback  stm32f4xx_hal_can.o
    0x08000e16   0x08000e16   0x00000002   Code   RO          730    i.HAL_CAN_TxMailbox2CompleteCallback  stm32f4xx_hal_can.o
    0x08000e18   0x08000e18   0x00000002   Code   RO          732    i.HAL_CAN_WakeUpFromRxMsgCallback  stm32f4xx_hal_can.o
    0x08000e1a   0x08000e1a   0x000000ac   Code   RO         1603    i.HAL_DMA_Abort     stm32f4xx_hal_dma.o
    0x08000ec6   0x08000ec6   0x00000028   Code   RO         1604    i.HAL_DMA_Abort_IT  stm32f4xx_hal_dma.o
    0x08000eee   0x08000eee   0x00000002   PAD
    0x08000ef0   0x08000ef0   0x00000240   Code   RO         1608    i.HAL_DMA_IRQHandler  stm32f4xx_hal_dma.o
    0x08001130   0x08001130   0x000000ec   Code   RO         1609    i.HAL_DMA_Init      stm32f4xx_hal_dma.o
    0x0800121c   0x0800121c   0x00000092   Code   RO         1612    i.HAL_DMA_Start_IT  stm32f4xx_hal_dma.o
    0x080012ae   0x080012ae   0x00000002   PAD
    0x080012b0   0x080012b0   0x00000028   Code   RO         2130    i.HAL_Delay         stm32f4xx_hal.o
    0x080012d8   0x080012d8   0x00000210   Code   RO         1487    i.HAL_GPIO_Init     stm32f4xx_hal_gpio.o
    0x080014e8   0x080014e8   0x00000010   Code   RO         1489    i.HAL_GPIO_ReadPin  stm32f4xx_hal_gpio.o
    0x080014f8   0x080014f8   0x0000000c   Code   RO         1491    i.HAL_GPIO_WritePin  stm32f4xx_hal_gpio.o
    0x08001504   0x08001504   0x0000000c   Code   RO         2138    i.HAL_GetTick       stm32f4xx_hal.o
    0x08001510   0x08001510   0x00000018   Code   RO         2144    i.HAL_IncTick       stm32f4xx_hal.o
    0x08001528   0x08001528   0x0000003c   Code   RO         2145    i.HAL_Init          stm32f4xx_hal.o
    0x08001564   0x08001564   0x0000004c   Code   RO         2146    i.HAL_InitTick      stm32f4xx_hal.o
    0x080015b0   0x080015b0   0x00000048   Code   RO          672    i.HAL_MspInit       stm32f4xx_hal_msp.o
    0x080015f8   0x080015f8   0x00000028   Code   RO         1950    i.HAL_NVIC_EnableIRQ  stm32f4xx_hal_cortex.o
    0x08001620   0x08001620   0x0000007c   Code   RO         1956    i.HAL_NVIC_SetPriority  stm32f4xx_hal_cortex.o
    0x0800169c   0x0800169c   0x00000028   Code   RO         1957    i.HAL_NVIC_SetPriorityGrouping  stm32f4xx_hal_cortex.o
    0x080016c4   0x080016c4   0x0000008c   Code   RO         1867    i.HAL_PWREx_EnableOverDrive  stm32f4xx_hal_pwr_ex.o
    0x08001750   0x08001750   0x00000184   Code   RO          968    i.HAL_RCC_ClockConfig  stm32f4xx_hal_rcc.o
    0x080018d4   0x080018d4   0x0000000c   Code   RO          973    i.HAL_RCC_GetHCLKFreq  stm32f4xx_hal_rcc.o
    0x080018e0   0x080018e0   0x00000020   Code   RO          975    i.HAL_RCC_GetPCLK1Freq  stm32f4xx_hal_rcc.o
    0x08001900   0x08001900   0x00000020   Code   RO          976    i.HAL_RCC_GetPCLK2Freq  stm32f4xx_hal_rcc.o
    0x08001920   0x08001920   0x000000b0   Code   RO          977    i.HAL_RCC_GetSysClockFreq  stm32f4xx_hal_rcc.o
    0x080019d0   0x080019d0   0x0000049c   Code   RO          980    i.HAL_RCC_OscConfig  stm32f4xx_hal_rcc.o
    0x08001e6c   0x08001e6c   0x00000034   Code   RO         1961    i.HAL_SYSTICK_Config  stm32f4xx_hal_cortex.o
    0x08001ea0   0x08001ea0   0x000000b4   Code   RO         3286    i.HAL_TIMEx_MasterConfigSynchronization  stm32f4xx_hal_tim_ex.o
    0x08001f54   0x08001f54   0x00000066   Code   RO         2433    i.HAL_TIM_Base_Init  stm32f4xx_hal_tim.o
    0x08001fba   0x08001fba   0x00000002   PAD
    0x08001fbc   0x08001fbc   0x0000005c   Code   RO          407    i.HAL_TIM_Base_MspInit  tim.o
    0x08002018   0x08002018   0x000000a8   Code   RO         2438    i.HAL_TIM_Base_Start_IT  stm32f4xx_hal_tim.o
    0x080020c0   0x080020c0   0x0000010c   Code   RO         2442    i.HAL_TIM_ConfigClockSource  stm32f4xx_hal_tim.o
    0x080021cc   0x080021cc   0x000000ac   Code   RO          408    i.HAL_TIM_MspPostInit  tim.o
    0x08002278   0x08002278   0x00000104   Code   RO         2505    i.HAL_TIM_PWM_ConfigChannel  stm32f4xx_hal_tim.o
    0x0800237c   0x0800237c   0x00000066   Code   RO         2508    i.HAL_TIM_PWM_Init  stm32f4xx_hal_tim.o
    0x080023e2   0x080023e2   0x00000002   Code   RO         2510    i.HAL_TIM_PWM_MspInit  stm32f4xx_hal_tim.o
    0x080023e4   0x080023e4   0x0000010c   Code   RO         2513    i.HAL_TIM_PWM_Start  stm32f4xx_hal_tim.o
    0x080024f0   0x080024f0   0x00000072   Code   RO         3586    i.HAL_UARTEx_ReceiveToIdle_DMA  stm32f4xx_hal_uart.o
    0x08002562   0x08002562   0x00000002   PAD
    0x08002564   0x08002564   0x000000f8   Code   RO         4244    i.HAL_UARTEx_RxEventCallback  drv_uart.o
    0x0800265c   0x0800265c   0x00000002   Code   RO         3602    i.HAL_UART_ErrorCallback  stm32f4xx_hal_uart.o
    0x0800265e   0x0800265e   0x00000002   PAD
    0x08002660   0x08002660   0x000002e8   Code   RO         3605    i.HAL_UART_IRQHandler  stm32f4xx_hal_uart.o
    0x08002948   0x08002948   0x00000076   Code   RO         3606    i.HAL_UART_Init     stm32f4xx_hal_uart.o
    0x080029be   0x080029be   0x00000002   PAD
    0x080029c0   0x080029c0   0x00000228   Code   RO          466    i.HAL_UART_MspInit  usart.o
    0x08002be8   0x08002be8   0x00000002   Code   RO         3612    i.HAL_UART_RxCpltCallback  stm32f4xx_hal_uart.o
    0x08002bea   0x08002bea   0x00000002   Code   RO         3613    i.HAL_UART_RxHalfCpltCallback  stm32f4xx_hal_uart.o
    0x08002bec   0x08002bec   0x00000002   Code   RO         3617    i.HAL_UART_TxCpltCallback  stm32f4xx_hal_uart.o
    0x08002bee   0x08002bee   0x00000004   Code   RO          527    i.HardFault_Handler  stm32f4xx_it.o
    0x08002bf2   0x08002bf2   0x00000002   PAD
    0x08002bf4   0x08002bf4   0x00000044   Code   RO          330    i.MX_CAN1_Init      can.o
    0x08002c38   0x08002c38   0x00000044   Code   RO          331    i.MX_CAN2_Init      can.o
    0x08002c7c   0x08002c7c   0x00000088   Code   RO          381    i.MX_DMA_Init       dma.o
    0x08002d04   0x08002d04   0x000001c8   Code   RO          236    i.MX_GPIO_Init      gpio.o
    0x08002ecc   0x08002ecc   0x000000a4   Code   RO          409    i.MX_TIM2_Init      tim.o
    0x08002f70   0x08002f70   0x000000d8   Code   RO          410    i.MX_TIM4_Init      tim.o
    0x08003048   0x08003048   0x00000038   Code   RO          467    i.MX_USART2_UART_Init  usart.o
    0x08003080   0x08003080   0x00000038   Code   RO          468    i.MX_USART6_UART_Init  usart.o
    0x080030b8   0x080030b8   0x00000004   Code   RO          528    i.MemManage_Handler  stm32f4xx_it.o
    0x080030bc   0x080030bc   0x00000004   Code   RO          529    i.NMI_Handler       stm32f4xx_it.o
    0x080030c0   0x080030c0   0x00000002   Code   RO          530    i.PendSV_Handler    stm32f4xx_it.o
    0x080030c2   0x080030c2   0x00000002   Code   RO          531    i.SVC_Handler       stm32f4xx_it.o
    0x080030c4   0x080030c4   0x00000008   Code   RO          532    i.SysTick_Handler   stm32f4xx_it.o
    0x080030cc   0x080030cc   0x00000014   Code   RO         4012    i.SystemInit        system_stm32f4xx.o
    0x080030e0   0x080030e0   0x000000e8   Code   RO         2526    i.TIM_Base_SetConfig  stm32f4xx_hal_tim.o
    0x080031c8   0x080031c8   0x00000022   Code   RO         2527    i.TIM_CCxChannelCmd  stm32f4xx_hal_tim.o
    0x080031ea   0x080031ea   0x00000016   Code   RO         2532    i.TIM_ETR_SetConfig  stm32f4xx_hal_tim.o
    0x08003200   0x08003200   0x0000007c   Code   RO         2533    i.TIM_OC2_SetConfig  stm32f4xx_hal_tim.o
    0x0800327c   0x0800327c   0x000000c8   Code   RO         3619    i.UART_Start_Receive_DMA  stm32f4xx_hal_uart.o
    0x08003344   0x08003344   0x00000010   Code   RO          533    i.USART2_IRQHandler  stm32f4xx_it.o
    0x08003354   0x08003354   0x00000010   Code   RO          534    i.USART6_IRQHandler  stm32f4xx_it.o
    0x08003364   0x08003364   0x00000004   Code   RO          535    i.UsageFault_Handler  stm32f4xx_it.o
    0x08003368   0x08003368   0x00000064   Code   RO         5076    i._Z10MyI2C_Initv   myi2c.o
    0x080033cc   0x080033cc   0x00000016   Code   RO         5077    i._Z10MyI2C_Stopv   myi2c.o
    0x080033e2   0x080033e2   0x0000002a   Code   RO         5167    i._Z10OLED_Clearv   oled.o
    0x0800340c   0x0800340c   0x00000084   Code   RO         5302    i._Z10Timer_Initv   timer.o
    0x08003490   0x08003490   0x00000014   Code   RO         4050    i._Z11BSP_DC24_LD20Enum_BSP_DC24_Status  drv_bsp.o
    0x080034a4   0x080034a4   0x00000014   Code   RO         4051    i._Z11BSP_DC24_LU20Enum_BSP_DC24_Status  drv_bsp.o
    0x080034b8   0x080034b8   0x00000014   Code   RO         4052    i._Z11BSP_DC24_RD20Enum_BSP_DC24_Status  drv_bsp.o
    0x080034cc   0x080034cc   0x00000014   Code   RO         4053    i._Z11BSP_DC24_RU20Enum_BSP_DC24_Status  drv_bsp.o
    0x080034e0   0x080034e0   0x0000001c   Code   RO         5078    i._Z11MyI2C_R_SDAv  myi2c.o
    0x080034fc   0x080034fc   0x0000001c   Code   RO         5079    i._Z11MyI2C_Startv  myi2c.o
    0x08003518   0x08003518   0x00000024   Code   RO         5080    i._Z11MyI2C_W_SCLh  myi2c.o
    0x0800353c   0x0800353c   0x00000024   Code   RO         5081    i._Z11MyI2C_W_SDAh  myi2c.o
    0x08003560   0x08003560   0x00000038   Code   RO         5017    i._Z12MPU6050_Initv  mpu6050.o
    0x08003598   0x08003598   0x0000007c   Code   RO         5169    i._Z13OLED_I2C_Initv  oled.o
    0x08003614   0x08003614   0x00000040   Code   RO         5170    i._Z13OLED_I2C_Stopv  oled.o
    0x08003654   0x08003654   0x00000074   Code   RO         5171    i._Z13OLED_ShowCharhhc  oled.o
    0x080036c8   0x080036c8   0x0000002a   Code   RO         5083    i._Z14MyI2C_SendByteh  myi2c.o
    0x080036f2   0x080036f2   0x00000002   PAD
    0x080036f4   0x080036f4   0x00000048   Code   RO         5172    i._Z14OLED_I2C_Startv  oled.o
    0x0800373c   0x0800373c   0x00000022   Code   RO         5173    i._Z14OLED_SetCursorhh  oled.o
    0x0800375e   0x0800375e   0x00000020   Code   RO         5174    i._Z14OLED_WriteDatah  oled.o
    0x0800377e   0x0800377e   0x0000000e   Code   RO         4487    i._Z15Char2GPIO_Statec  drv_communication.o
    0x0800378c   0x0800378c   0x00000028   Code   RO         5177    i._Z15OLED_ShowStringhhPc  oled.o
    0x080037b4   0x080037b4   0x0000002e   Code   RO         5021    i._Z16MPU6050_WriteReghh  mpu6050.o
    0x080037e2   0x080037e2   0x00000030   Code   RO         5084    i._Z16MyI2C_ReceiveAckv  myi2c.o
    0x08003812   0x08003812   0x00000002   PAD
    0x08003814   0x08003814   0x000000b0   Code   RO         4488    i._Z16Trans_LED_Statusv  drv_communication.o
    0x080038c4   0x080038c4   0x0000006c   Code   RO         4625    i._Z16allocate_tx_dataP17CAN_HandleTypeDef17Enum_CAN_Motor_ID  dvc_motor.o
    0x08003930   0x08003930   0x00000080   Code   RO         5178    i._Z17OLED_I2C_SendByteh  oled.o
    0x080039b0   0x080039b0   0x00000020   Code   RO         5179    i._Z17OLED_WriteCommandh  oled.o
    0x080039d0   0x080039d0   0x00000066   Code   RO         5180    i._Z18OLED_ShowSignedNumhhih  oled.o
    0x08003a36   0x08003a36   0x00000002   PAD
    0x08003a38   0x08003a38   0x000000bc   Code   RO           14    i._Z18SystemClock_Configv  main.o
    0x08003af4   0x08003af4   0x000000a0   Code   RO         4788    i._Z19CAN_Motor_Call_BackP20Struct_CAN_Rx_Buffer  drv_motion.o
    0x08003b94   0x08003b94   0x00000570   Code   RO         4489    i._Z19MoveOrder_Call_BackPht  drv_communication.o
    0x08004104   0x08004104   0x0000006e   Code   RO         4179    i._Z22CAN_Filter_Mask_ConfigP17CAN_HandleTypeDefhjj  drv_can.o
    0x08004172   0x08004172   0x0000009a   Code   RO         4054    i._Z8BSP_Initjff    drv_bsp.o
    0x0800420c   0x0800420c   0x00000084   Code   RO         4181    i._Z8CAN_InitP17CAN_HandleTypeDefPFvP20Struct_CAN_Rx_BufferE  drv_can.o
    0x08004290   0x08004290   0x0000002e   Code   RO         5333    i._Z8Delay_usj      delay.o
    0x080042be   0x080042be   0x00000014   Code   RO         5181    i._Z8OLED_Powjj     oled.o
    0x080042d2   0x080042d2   0x00000002   PAD
    0x080042d4   0x080042d4   0x00000014   Code   RO         4055    i._Z9BSP_LED_119Enum_BSP_LED_Status  drv_bsp.o
    0x080042e8   0x080042e8   0x00000014   Code   RO         4056    i._Z9BSP_LED_219Enum_BSP_LED_Status  drv_bsp.o
    0x080042fc   0x080042fc   0x00000014   Code   RO         4057    i._Z9BSP_LED_319Enum_BSP_LED_Status  drv_bsp.o
    0x08004310   0x08004310   0x00000014   Code   RO         4058    i._Z9BSP_LED_419Enum_BSP_LED_Status  drv_bsp.o
    0x08004324   0x08004324   0x00000014   Code   RO         4059    i._Z9BSP_LED_519Enum_BSP_LED_Status  drv_bsp.o
    0x08004338   0x08004338   0x00000014   Code   RO         4060    i._Z9BSP_LED_619Enum_BSP_LED_Status  drv_bsp.o
    0x0800434c   0x0800434c   0x00000014   Code   RO         4061    i._Z9BSP_LED_719Enum_BSP_LED_Status  drv_bsp.o
    0x08004360   0x08004360   0x00000018   Code   RO         4062    i._Z9BSP_LED_819Enum_BSP_LED_Status  drv_bsp.o
    0x08004378   0x08004378   0x00000018   Code   RO         4063    i._Z9BSP_LED_G19Enum_BSP_LED_Status  drv_bsp.o
    0x08004390   0x08004390   0x00000018   Code   RO         4064    i._Z9BSP_LED_R19Enum_BSP_LED_Status  drv_bsp.o
    0x080043a8   0x080043a8   0x000000ae   Code   RO         5182    i._Z9OLED_Initv     oled.o
    0x08004456   0x08004456   0x00000002   PAD
    0x08004458   0x08004458   0x000000c0   Code   RO         4246    i._Z9Uart_InitP20__UART_HandleTypeDefPhtPFvS1_tE  drv_uart.o
    0x08004518   0x08004518   0x000000e4   Code   RO         4636    i._ZN16Class_Motor_C62018CAN_RxCpltCallbackEPh  dvc_motor.o
    0x080045fc   0x080045fc   0x00000058   Code   RO         4643    i._ZN16Class_Motor_C6204InitEP17CAN_HandleTypeDef17Enum_CAN_Motor_ID19Enum_Control_Methodff  dvc_motor.o
    0x08004654   0x08004654   0x0000009c   Code   RO           56    i._ZN16Class_Motor_C620C1Ev  main.o
    0x080046f0   0x080046f0   0x0000002c   Code   RO         1615    i._ZN41_INTERNAL_19_stm32f4xx_hal_dma_c_c25f65ec13DMA_SetConfigEP19__DMA_HandleTypeDefjjj  stm32f4xx_hal_dma.o
    0x0800471c   0x0800471c   0x000000aa   Code   RO         1616    i._ZN41_INTERNAL_19_stm32f4xx_hal_dma_c_c25f65ec18DMA_CheckFifoParamEP19__DMA_HandleTypeDef  stm32f4xx_hal_dma.o
    0x080047c6   0x080047c6   0x00000002   PAD
    0x080047c8   0x080047c8   0x00000034   Code   RO         1617    i._ZN41_INTERNAL_19_stm32f4xx_hal_dma_c_c25f65ec23DMA_CalcBaseAndBitshiftEP19__DMA_HandleTypeDef  stm32f4xx_hal_dma.o
    0x080047fc   0x080047fc   0x00000070   Code   RO         2535    i._ZN41_INTERNAL_19_stm32f4xx_hal_tim_c_a9d95b5217TIM_OC1_SetConfigEP11TIM_TypeDefPK18TIM_OC_InitTypeDef  stm32f4xx_hal_tim.o
    0x0800486c   0x0800486c   0x00000078   Code   RO         2536    i._ZN41_INTERNAL_19_stm32f4xx_hal_tim_c_a9d95b5217TIM_OC3_SetConfigEP11TIM_TypeDefPK18TIM_OC_InitTypeDef  stm32f4xx_hal_tim.o
    0x080048e4   0x080048e4   0x00000054   Code   RO         2537    i._ZN41_INTERNAL_19_stm32f4xx_hal_tim_c_a9d95b5217TIM_OC4_SetConfigEP11TIM_TypeDefPK18TIM_OC_InitTypeDef  stm32f4xx_hal_tim.o
    0x08004938   0x08004938   0x00000012   Code   RO         2542    i._ZN41_INTERNAL_19_stm32f4xx_hal_tim_c_a9d95b5218TIM_ITRx_SetConfigEP11TIM_TypeDefj  stm32f4xx_hal_tim.o
    0x0800494a   0x0800494a   0x00000026   Code   RO         2547    i._ZN41_INTERNAL_19_stm32f4xx_hal_tim_c_a9d95b5224TIM_TI1_ConfigInputStageEP11TIM_TypeDefjj  stm32f4xx_hal_tim.o
    0x08004970   0x08004970   0x00000028   Code   RO         2548    i._ZN41_INTERNAL_19_stm32f4xx_hal_tim_c_a9d95b5224TIM_TI2_ConfigInputStageEP11TIM_TypeDefjj  stm32f4xx_hal_tim.o
    0x08004998   0x08004998   0x00000050   Code   RO         3621    i._ZN42_INTERNAL_20_stm32f4xx_hal_uart_c_d497114f13UART_DMAErrorEP19__DMA_HandleTypeDef  stm32f4xx_hal_uart.o
    0x080049e8   0x080049e8   0x0000022c   Code   RO         3622    i._ZN42_INTERNAL_20_stm32f4xx_hal_uart_c_d497114f14UART_SetConfigEP20__UART_HandleTypeDef  stm32f4xx_hal_uart.o
    0x08004c14   0x08004c14   0x000000fc   Code   RO         3623    i._ZN42_INTERNAL_20_stm32f4xx_hal_uart_c_d497114f15UART_Receive_ITEP20__UART_HandleTypeDef  stm32f4xx_hal_uart.o
    0x08004d10   0x08004d10   0x00000060   Code   RO         3624    i._ZN42_INTERNAL_20_stm32f4xx_hal_uart_c_d497114f16UART_Transmit_ITEP20__UART_HandleTypeDef  stm32f4xx_hal_uart.o
    0x08004d70   0x08004d70   0x00000024   Code   RO         3625    i._ZN42_INTERNAL_20_stm32f4xx_hal_uart_c_d497114f18UART_DMARxHalfCpltEP19__DMA_HandleTypeDef  stm32f4xx_hal_uart.o
    0x08004d94   0x08004d94   0x0000006c   Code   RO         3627    i._ZN42_INTERNAL_20_stm32f4xx_hal_uart_c_d497114f18UART_EndRxTransferEP20__UART_HandleTypeDef  stm32f4xx_hal_uart.o
    0x08004e00   0x08004e00   0x00000026   Code   RO         3628    i._ZN42_INTERNAL_20_stm32f4xx_hal_uart_c_d497114f18UART_EndTxTransferEP20__UART_HandleTypeDef  stm32f4xx_hal_uart.o
    0x08004e26   0x08004e26   0x000000b4   Code   RO         3629    i._ZN42_INTERNAL_20_stm32f4xx_hal_uart_c_d497114f19UART_DMAReceiveCpltEP19__DMA_HandleTypeDef  stm32f4xx_hal_uart.o
    0x08004eda   0x08004eda   0x00000020   Code   RO         3630    i._ZN42_INTERNAL_20_stm32f4xx_hal_uart_c_d497114f19UART_EndTransmit_ITEP20__UART_HandleTypeDef  stm32f4xx_hal_uart.o
    0x08004efa   0x08004efa   0x00000014   Code   RO         3631    i._ZN42_INTERNAL_20_stm32f4xx_hal_uart_c_d497114f20UART_DMAAbortOnErrorEP19__DMA_HandleTypeDef  stm32f4xx_hal_uart.o
    0x08004f0e   0x08004f0e   0x00000002   PAD
    0x08004f10   0x08004f10   0x00000028   Code   RO         1963    i._ZN44_INTERNAL_22_stm32f4xx_hal_cortex_c_2992dbc018__NVIC_SetPriorityE9IRQn_Typej  stm32f4xx_hal_cortex.o
    0x08004f38   0x08004f38   0x00000010   Code   RO         1964    i._ZN44_INTERNAL_22_stm32f4xx_hal_cortex_c_2992dbc026__NVIC_GetPriorityGroupingEv  stm32f4xx_hal_cortex.o
    0x08004f48   0x08004f48   0x00000030   Code   RO         4296    i._ZN9Class_PID4InitEfffffffffff16Enum_PID_D_First  alg_pid.o
    0x08004f78   0x08004f78   0x00000090   Code   RO           53    i._ZN9Class_PIDC1Ev  main.o
    0x08005008   0x08005008   0x00000060   Code   RO           15    i.__sti___6_main_c_motor1  main.o
    0x08005068   0x08005068   0x0000056c   Code   RO           16    i.main              main.o
    0x080055d4   0x080055d4   0x0000000a   Code   RO         5527    x$fpl$fpinit        fz_wm.l(fpinit.o)
    0x080055de   0x080055de   0x00000008   Data   RO         1633    .constdata          stm32f4xx_hal_dma.o
    0x080055e6   0x080055e6   0x00000018   Data   RO         4015    .constdata          system_stm32f4xx.o
    0x080055fe   0x080055fe   0x000005f0   Data   RO         5199    .constdata          oled.o
    0x08005bee   0x08005bee   0x00000002   PAD
    0x08005bf0   0x08005bf0   0x00000020   Data   RO         5621    Region$$Table       anon$$obj.o
    0x08005c10   0x08005c10   0x00000004   Data   RO           22    .init_array         main.o
    0x08005c14   0x08005c10   0x00000000   Data   RO         5378    .init_array         c_w.l(init_aeabi.o)


    Execution Region RW_IRAM2 (Exec base: 0x10000000, Load base: 0x08005c70, Size: 0x00000000, Max: 0x00010000, ABSOLUTE)

    **** No section assigned to this execution region ****


    Execution Region RW_IRAM1 (Exec base: 0x20000000, Load base: 0x08005c14, Size: 0x00001b70, Max: 0x00030000, ABSOLUTE)

    Exec Addr    Load Addr    Size         Type   Attr      Idx    E Section Name        Object

    0x20000000   0x08005c14   0x00000004   Data   RW          337    .data               can.o
    0x20000004   0x08005c18   0x00000009   Data   RW         2181    .data               stm32f4xx_hal.o
    0x2000000d   0x08005c21   0x00000003   PAD
    0x20000010   0x08005c24   0x00000004   Data   RW         4016    .data               system_stm32f4xx.o
    0x20000014   0x08005c28   0x0000003c   Data   RW         4189    .data               drv_can.o
    0x20000050   0x08005c64   0x0000000a   Data   RW         4494    .data               drv_communication.o
    0x2000005a   0x08005c6e   0x00000002   PAD
    0x2000005c        -       0x000008b8   Zero   RW           21    .bss                main.o
    0x20000914        -       0x00000050   Zero   RW          336    .bss                can.o
    0x20000964        -       0x00000090   Zero   RW          416    .bss                tim.o
    0x200009f4        -       0x00000210   Zero   RW          473    .bss                usart.o
    0x20000c04        -       0x00000058   Zero   RW         4188    .bss                drv_can.o
    0x20000c5c        -       0x00000880   Zero   RW         4250    .bss                drv_uart.o
    0x200014dc        -       0x0000000a   Zero   RW         4493    .bss                drv_communication.o
    0x200014e6   0x08005c6e   0x00000002   PAD
    0x200014e8        -       0x00000024   Zero   RW         4959    .bss                imu.o
    0x2000150c        -       0x00000060   Zero   RW         5530    .bss                c_w.l(libspace.o)
    0x2000156c   0x08005c6e   0x00000004   PAD
    0x20001570        -       0x00000200   Zero   RW            2    HEAP                startup_stm32f427xx.o
    0x20001770        -       0x00000400   Zero   RW            1    STACK               startup_stm32f427xx.o


==============================================================================

Image component sizes


      Code (inc. data)   RO Data    RW Data    ZI Data      Debug   Object Name

        48          0          0          0          0       2400   alg_pid.o
       520         40          0          4         80       2730   can.o
        46          0          0          0          0        539   delay.o
       136          6          0          0          0        950   dma.o
         0          0          0          0          0       6373   drv_act.o
       446         62          0          0          0       9563   drv_bsp.o
       418         48          0         60         88       5195   drv_can.o
      1582         28          0         10         10       3707   drv_communication.o
       160         42          0          0          0        670   drv_motion.o
       440         98          0          0       2176       3709   drv_uart.o
       424         56          0          0          0       2607   dvc_motor.o
       456         24          0          0          0     746295   gpio.o
         0          0          0          0         36       1591   imu.o
      1978        194          4          0       2232     703017   main.o
       102          0          0          0          0       1214   mpu6050.o
       340         26          0          0          0       5058   myi2c.o
       980         28       1520          0          0       9622   oled.o
        64         26        428          0       1536        884   startup_stm32f427xx.o
       212         36          0          9          0       9961   stm32f4xx_hal.o
      1774          6          0          0          0      12845   stm32f4xx_hal_can.o
       312         22          0          0          0      34679   stm32f4xx_hal_cortex.o
      1436         16          8          0          0       7502   stm32f4xx_hal_dma.o
       556         54          0          0          0       3023   stm32f4xx_hal_gpio.o
        72          4          0          0          0        982   stm32f4xx_hal_msp.o
       140         12          0          0          0       1400   stm32f4xx_hal_pwr_ex.o
      1820         84          0          0          0       5980   stm32f4xx_hal_rcc.o
      1994        142          0          0          0      14198   stm32f4xx_hal_tim.o
       180         30          0          0          0       1488   stm32f4xx_hal_tim_ex.o
      2582         28          0          0          0      15165   stm32f4xx_hal_uart.o
       194         60          0          0          0      10178   stm32f4xx_it.o
        20          6         24          4          0       1299   system_stm32f4xx.o
       644         40          0          0        144       3593   tim.o
       132         10          0          0          0       1037   timer.o
       664         66          0          0        528       3019   usart.o

    ----------------------------------------------------------------------
     20906       1294       2018         92       6832    1632473   Object Totals
         0          0         32          0          0          0   (incl. Generated)
        34          0          2          5          2          0   (incl. Padding)

    ----------------------------------------------------------------------

      Code (inc. data)   RO Data    RW Data    ZI Data      Debug   Library Member Name

         8          0          0          0          0         68   __main.o
         0          0          0          0          0          0   __rtentry.o
        12          0          0          0          0          0   __rtentry2.o
         6          0          0          0          0          0   __rtentry4.o
        52          8          0          0          0          0   __scatter.o
        26          0          0          0          0          0   __scatter_copy.o
        28          0          0          0          0          0   __scatter_zi.o
        18          0          0          0          0         80   exit.o
         6          0          0          0          0        152   heapauxi.o
         0          0          0          0          0          0   indicate_semi.o
        36         10          0          0          0         80   init_aeabi.o
         2          0          0          0          0          0   libinit.o
        10          0          0          0          0          0   libinit2.o
         2          0          0          0          0          0   libshutdown.o
         2          0          0          0          0          0   libshutdown2.o
         8          4          0          0         96         68   libspace.o
       238          0          0          0          0        100   lludivv7m.o
        78          0          0          0          0         80   rt_memclr_w.o
         2          0          0          0          0          0   rtexit.o
        10          0          0          0          0          0   rtexit2.o
        12          4          0          0          0         68   sys_exit.o
        74          0          0          0          0         80   sys_stackheap_outer.o
         2          0          0          0          0         68   use_no_semi.o
        10          0          0          0          0        116   fpinit.o

    ----------------------------------------------------------------------
       648         26          0          0        100        960   Library Totals
         6          0          0          0          4          0   (incl. Padding)

    ----------------------------------------------------------------------

      Code (inc. data)   RO Data    RW Data    ZI Data      Debug   Library Name

       632         26          0          0         96        844   c_w.l
        10          0          0          0          0        116   fz_wm.l

    ----------------------------------------------------------------------
       648         26          0          0        100        960   Library Totals

    ----------------------------------------------------------------------

==============================================================================


      Code (inc. data)   RO Data    RW Data    ZI Data      Debug   

     21554       1320       2018         92       6932    1616721   Grand Totals
     21554       1320       2018         92       6932    1616721   ELF Image Totals
     21554       1320       2018         92          0          0   ROM Totals

==============================================================================

    Total RO  Size (Code + RO Data)                23572 (  23.02kB)
    Total RW  Size (RW Data + ZI Data)              7024 (   6.86kB)
    Total ROM Size (Code + RO Data + RW Data)      23664 (  23.11kB)

==============================================================================

